Quality - Super Linter (Markdown)	Set up job	﻿2026-01-04T15:31:50.6752020Z Current runner version: '2.330.0'
Quality - Super Linter (Markdown)	Set up job	2026-01-04T15:31:50.6776103Z ##[group]Runner Image Provisioner
Quality - Super Linter (Markdown)	Set up job	2026-01-04T15:31:50.6776883Z Hosted Compute Agent
Quality - Super Linter (Markdown)	Set up job	2026-01-04T15:31:50.6777427Z Version: 20251211.462
Quality - Super Linter (Markdown)	Set up job	2026-01-04T15:31:50.6778103Z Commit: 6cbad8c2bb55d58165063d031ccabf57e2d2db61
Quality - Super Linter (Markdown)	Set up job	2026-01-04T15:31:50.6778834Z Build Date: 2025-12-11T16:28:49Z
Quality - Super Linter (Markdown)	Set up job	2026-01-04T15:31:50.6779465Z Worker ID: {389007eb-5190-4c99-8ad5-4f49bdee5045}
Quality - Super Linter (Markdown)	Set up job	2026-01-04T15:31:50.6780170Z ##[endgroup]
Quality - Super Linter (Markdown)	Set up job	2026-01-04T15:31:50.6780689Z ##[group]Operating System
Quality - Super Linter (Markdown)	Set up job	2026-01-04T15:31:50.6781210Z Ubuntu
Quality - Super Linter (Markdown)	Set up job	2026-01-04T15:31:50.6781719Z 24.04.3
Quality - Super Linter (Markdown)	Set up job	2026-01-04T15:31:50.6782168Z LTS
Quality - Super Linter (Markdown)	Set up job	2026-01-04T15:31:50.6782948Z ##[endgroup]
Quality - Super Linter (Markdown)	Set up job	2026-01-04T15:31:50.6783453Z ##[group]Runner Image
Quality - Super Linter (Markdown)	Set up job	2026-01-04T15:31:50.6784011Z Image: ubuntu-24.04
Quality - Super Linter (Markdown)	Set up job	2026-01-04T15:31:50.6784510Z Version: 20251215.174.1
Quality - Super Linter (Markdown)	Set up job	2026-01-04T15:31:50.6785508Z Included Software: https://github.com/actions/runner-images/blob/ubuntu24/20251215.174/images/ubuntu/Ubuntu2404-Readme.md
Quality - Super Linter (Markdown)	Set up job	2026-01-04T15:31:50.6786897Z Image Release: https://github.com/actions/runner-images/releases/tag/ubuntu24%2F20251215.174
Quality - Super Linter (Markdown)	Set up job	2026-01-04T15:31:50.6788072Z ##[endgroup]
Quality - Super Linter (Markdown)	Set up job	2026-01-04T15:31:50.6789107Z ##[group]GITHUB_TOKEN Permissions
Quality - Super Linter (Markdown)	Set up job	2026-01-04T15:31:50.6790918Z Contents: read
Quality - Super Linter (Markdown)	Set up job	2026-01-04T15:31:50.6791500Z Metadata: read
Quality - Super Linter (Markdown)	Set up job	2026-01-04T15:31:50.6791999Z Statuses: write
Quality - Super Linter (Markdown)	Set up job	2026-01-04T15:31:50.6792604Z ##[endgroup]
Quality - Super Linter (Markdown)	Set up job	2026-01-04T15:31:50.6794629Z Secret source: Actions
Quality - Super Linter (Markdown)	Set up job	2026-01-04T15:31:50.6795302Z Prepare workflow directory
Quality - Super Linter (Markdown)	Set up job	2026-01-04T15:31:50.7121365Z Prepare all required actions
Quality - Super Linter (Markdown)	Set up job	2026-01-04T15:31:50.7159030Z Getting action download info
Quality - Super Linter (Markdown)	Set up job	2026-01-04T15:31:51.0900021Z Download action repository 'actions/checkout@v4' (SHA:34e114876b0b11c390a56381ad16ebd13914f8d5)
Quality - Super Linter (Markdown)	Set up job	2026-01-04T15:31:51.2063858Z Download action repository 'github/super-linter@v6' (SHA:4e51915f4a812abf59fed160bb14595c0a38a9e7)
Quality - Super Linter (Markdown)	Set up job	2026-01-04T15:31:51.9864146Z Complete job name: Quality - Super Linter (Markdown)
Quality - Super Linter (Markdown)	Pull ghcr.io/super-linter/super-linter:v6.4.1	﻿2026-01-04T15:31:52.0310399Z ##[group]Pull down action image 'ghcr.io/super-linter/super-linter:v6.4.1'
Quality - Super Linter (Markdown)	Pull ghcr.io/super-linter/super-linter:v6.4.1	2026-01-04T15:31:52.0361567Z ##[command]/usr/bin/docker pull ghcr.io/super-linter/super-linter:v6.4.1
Quality - Super Linter (Markdown)	Pull ghcr.io/super-linter/super-linter:v6.4.1	2026-01-04T15:31:52.8276708Z v6.4.1: Pulling from super-linter/super-linter
Quality - Super Linter (Markdown)	Pull ghcr.io/super-linter/super-linter:v6.4.1	2026-01-04T15:31:53.0744602Z 4abcf2066143: Pulling fs layer
Quality - Super Linter (Markdown)	Pull ghcr.io/super-linter/super-linter:v6.4.1	2026-01-04T15:31:53.0746755Z c3cdf40b8bda: Pulling fs layer
Quality - Super Linter (Markdown)	Pull ghcr.io/super-linter/super-linter:v6.4.1	2026-01-04T15:31:53.0748449Z 3a6cecfe7003: Pulling fs layer
Quality - Super Linter (Markdown)	Pull ghcr.io/super-linter/super-linter:v6.4.1	2026-01-04T15:31:53.0749721Z 60d2faee92e7: Pulling fs layer
Quality - Super Linter (Markdown)	Pull ghcr.io/super-linter/super-linter:v6.4.1	2026-01-04T15:31:53.0751361Z b62713ed4827: Pulling fs layer
Quality - Super Linter (Markdown)	Pull ghcr.io/super-linter/super-linter:v6.4.1	2026-01-04T15:31:53.0753013Z 41cf79ff2f35: Pulling fs layer
Quality - Super Linter (Markdown)	Pull ghcr.io/super-linter/super-linter:v6.4.1	2026-01-04T15:31:53.0754195Z 190c5193e590: Pulling fs layer
Quality - Super Linter (Markdown)	Pull ghcr.io/super-linter/super-linter:v6.4.1	2026-01-04T15:31:53.0755296Z af2ab54af602: Pulling fs layer
Quality - Super Linter (Markdown)	Pull ghcr.io/super-linter/super-linter:v6.4.1	2026-01-04T15:31:53.0756412Z ab59ecdf3b14: Pulling fs layer
Quality - Super Linter (Markdown)	Pull ghcr.io/super-linter/super-linter:v6.4.1	2026-01-04T15:31:53.0757506Z 30d4c404414b: Pulling fs layer
Quality - Super Linter (Markdown)	Pull ghcr.io/super-linter/super-linter:v6.4.1	2026-01-04T15:31:53.0758564Z fe06f8764dc1: Pulling fs layer
Quality - Super Linter (Markdown)	Pull ghcr.io/super-linter/super-linter:v6.4.1	2026-01-04T15:31:53.0759630Z e3bac41bfe22: Pulling fs layer
Quality - Super Linter (Markdown)	Pull ghcr.io/super-linter/super-linter:v6.4.1	2026-01-04T15:31:53.0760747Z 12efd3b15b44: Pulling fs layer
Quality - Super Linter (Markdown)	Pull ghcr.io/super-linter/super-linter:v6.4.1	2026-01-04T15:31:53.0761923Z 4ddb2217c4b9: Pulling fs layer
Quality - Super Linter (Markdown)	Pull ghcr.io/super-linter/super-linter:v6.4.1	2026-01-04T15:31:53.0763268Z 176863d5adfb: Pulling fs layer
Quality - Super Linter (Markdown)	Pull ghcr.io/super-linter/super-linter:v6.4.1	2026-01-04T15:31:53.0764452Z afe45391c009: Pulling fs layer
Quality - Super Linter (Markdown)	Pull ghcr.io/super-linter/super-linter:v6.4.1	2026-01-04T15:31:53.0765685Z a81350e07c07: Pulling fs layer
Quality - Super Linter (Markdown)	Pull ghcr.io/super-linter/super-linter:v6.4.1	2026-01-04T15:31:53.0767109Z ac410f2cb172: Pulling fs layer
Quality - Super Linter (Markdown)	Pull ghcr.io/super-linter/super-linter:v6.4.1	2026-01-04T15:31:53.0768528Z 58408801f917: Pulling fs layer
Quality - Super Linter (Markdown)	Pull ghcr.io/super-linter/super-linter:v6.4.1	2026-01-04T15:31:53.0769918Z c14675796f61: Pulling fs layer
Quality - Super Linter (Markdown)	Pull ghcr.io/super-linter/super-linter:v6.4.1	2026-01-04T15:31:53.0771341Z a153b837d020: Pulling fs layer
Quality - Super Linter (Markdown)	Pull ghcr.io/super-linter/super-linter:v6.4.1	2026-01-04T15:31:53.0772928Z 62f0a69f0ba6: Pulling fs layer
Quality - Super Linter (Markdown)	Pull ghcr.io/super-linter/super-linter:v6.4.1	2026-01-04T15:31:53.0774392Z a01cd4cd1937: Pulling fs layer
Quality - Super Linter (Markdown)	Pull ghcr.io/super-linter/super-linter:v6.4.1	2026-01-04T15:31:53.0775839Z 679fa43804c2: Pulling fs layer
Quality - Super Linter (Markdown)	Pull ghcr.io/super-linter/super-linter:v6.4.1	2026-01-04T15:31:53.0777299Z ac0068a8f186: Pulling fs layer
Quality - Super Linter (Markdown)	Pull ghcr.io/super-linter/super-linter:v6.4.1	2026-01-04T15:31:53.0778713Z 41cf79ff2f35: Waiting
Quality - Super Linter (Markdown)	Pull ghcr.io/super-linter/super-linter:v6.4.1	2026-01-04T15:31:53.0779998Z 8cb481d727fc: Pulling fs layer
Quality - Super Linter (Markdown)	Pull ghcr.io/super-linter/super-linter:v6.4.1	2026-01-04T15:31:53.0781434Z 42f1f6aee0ec: Pulling fs layer
Quality - Super Linter (Markdown)	Pull ghcr.io/super-linter/super-linter:v6.4.1	2026-01-04T15:31:53.0783008Z 190c5193e590: Waiting
Quality - Super Linter (Markdown)	Pull ghcr.io/super-linter/super-linter:v6.4.1	2026-01-04T15:31:53.0784298Z 48bcb6b9b46a: Pulling fs layer
Quality - Super Linter (Markdown)	Pull ghcr.io/super-linter/super-linter:v6.4.1	2026-01-04T15:31:53.0785748Z 39b0320167dc: Pulling fs layer
Quality - Super Linter (Markdown)	Pull ghcr.io/super-linter/super-linter:v6.4.1	2026-01-04T15:31:53.0787158Z 4f1ed23c8872: Pulling fs layer
Quality - Super Linter (Markdown)	Pull ghcr.io/super-linter/super-linter:v6.4.1	2026-01-04T15:31:53.0788871Z af2ab54af602: Waiting
Quality - Super Linter (Markdown)	Pull ghcr.io/super-linter/super-linter:v6.4.1	2026-01-04T15:31:53.0790202Z 77af49bbd0db: Pulling fs layer
Quality - Super Linter (Markdown)	Pull ghcr.io/super-linter/super-linter:v6.4.1	2026-01-04T15:31:53.0791639Z a78ee5781f82: Pulling fs layer
Quality - Super Linter (Markdown)	Pull ghcr.io/super-linter/super-linter:v6.4.1	2026-01-04T15:31:53.0793318Z be4408e411d2: Pulling fs layer
Quality - Super Linter (Markdown)	Pull ghcr.io/super-linter/super-linter:v6.4.1	2026-01-04T15:31:53.0794733Z ab59ecdf3b14: Waiting
Quality - Super Linter (Markdown)	Pull ghcr.io/super-linter/super-linter:v6.4.1	2026-01-04T15:31:53.0796008Z 77a3a678bb12: Pulling fs layer
Quality - Super Linter (Markdown)	Pull ghcr.io/super-linter/super-linter:v6.4.1	2026-01-04T15:31:53.0797447Z ff4fd783a8cd: Pulling fs layer
Quality - Super Linter (Markdown)	Pull ghcr.io/super-linter/super-linter:v6.4.1	2026-01-04T15:31:53.0798863Z 30d4c404414b: Waiting
Quality - Super Linter (Markdown)	Pull ghcr.io/super-linter/super-linter:v6.4.1	2026-01-04T15:31:53.0800121Z 7587261da72c: Pulling fs layer
Quality - Super Linter (Markdown)	Pull ghcr.io/super-linter/super-linter:v6.4.1	2026-01-04T15:31:53.0801524Z 8f944a845341: Pulling fs layer
Quality - Super Linter (Markdown)	Pull ghcr.io/super-linter/super-linter:v6.4.1	2026-01-04T15:31:53.0803100Z 440b44910ebd: Pulling fs layer
Quality - Super Linter (Markdown)	Pull ghcr.io/super-linter/super-linter:v6.4.1	2026-01-04T15:31:53.0804468Z fe06f8764dc1: Waiting
Quality - Super Linter (Markdown)	Pull ghcr.io/super-linter/super-linter:v6.4.1	2026-01-04T15:31:53.0805709Z bb59c559bc3c: Pulling fs layer
Quality - Super Linter (Markdown)	Pull ghcr.io/super-linter/super-linter:v6.4.1	2026-01-04T15:31:53.0807074Z e3bac41bfe22: Waiting
Quality - Super Linter (Markdown)	Pull ghcr.io/super-linter/super-linter:v6.4.1	2026-01-04T15:31:53.0808314Z ddee7a464297: Pulling fs layer
Quality - Super Linter (Markdown)	Pull ghcr.io/super-linter/super-linter:v6.4.1	2026-01-04T15:31:53.0809678Z 12efd3b15b44: Waiting
Quality - Super Linter (Markdown)	Pull ghcr.io/super-linter/super-linter:v6.4.1	2026-01-04T15:31:53.0810898Z e56892dd1903: Pulling fs layer
Quality - Super Linter (Markdown)	Pull ghcr.io/super-linter/super-linter:v6.4.1	2026-01-04T15:31:53.0812263Z 89c2f830de8c: Pulling fs layer
Quality - Super Linter (Markdown)	Pull ghcr.io/super-linter/super-linter:v6.4.1	2026-01-04T15:31:53.0813806Z f20145f15363: Pulling fs layer
Quality - Super Linter (Markdown)	Pull ghcr.io/super-linter/super-linter:v6.4.1	2026-01-04T15:31:53.0815120Z 60d2faee92e7: Waiting
Quality - Super Linter (Markdown)	Pull ghcr.io/super-linter/super-linter:v6.4.1	2026-01-04T15:31:53.0816323Z ebb8c8e302c0: Pulling fs layer
Quality - Super Linter (Markdown)	Pull ghcr.io/super-linter/super-linter:v6.4.1	2026-01-04T15:31:53.0817662Z 2d1b742a7639: Pulling fs layer
Quality - Super Linter (Markdown)	Pull ghcr.io/super-linter/super-linter:v6.4.1	2026-01-04T15:31:53.0818979Z b62713ed4827: Waiting
Quality - Super Linter (Markdown)	Pull ghcr.io/super-linter/super-linter:v6.4.1	2026-01-04T15:31:53.0820158Z 8a8e53df9748: Pulling fs layer
Quality - Super Linter (Markdown)	Pull ghcr.io/super-linter/super-linter:v6.4.1	2026-01-04T15:31:53.0821504Z 374c90eded7d: Pulling fs layer
Quality - Super Linter (Markdown)	Pull ghcr.io/super-linter/super-linter:v6.4.1	2026-01-04T15:31:53.0822993Z 9f14c34bef3a: Pulling fs layer
Quality - Super Linter (Markdown)	Pull ghcr.io/super-linter/super-linter:v6.4.1	2026-01-04T15:31:53.0824317Z 4ddb2217c4b9: Waiting
Quality - Super Linter (Markdown)	Pull ghcr.io/super-linter/super-linter:v6.4.1	2026-01-04T15:31:53.0825512Z bcf688e1a2de: Pulling fs layer
Quality - Super Linter (Markdown)	Pull ghcr.io/super-linter/super-linter:v6.4.1	2026-01-04T15:31:53.0826874Z 3c78162e3ea5: Pulling fs layer
Quality - Super Linter (Markdown)	Pull ghcr.io/super-linter/super-linter:v6.4.1	2026-01-04T15:31:53.0828186Z 176863d5adfb: Waiting
Quality - Super Linter (Markdown)	Pull ghcr.io/super-linter/super-linter:v6.4.1	2026-01-04T15:31:53.0829366Z 1b5c3516c6b5: Pulling fs layer
Quality - Super Linter (Markdown)	Pull ghcr.io/super-linter/super-linter:v6.4.1	2026-01-04T15:31:53.0830704Z 901bdb4d8ee1: Pulling fs layer
Quality - Super Linter (Markdown)	Pull ghcr.io/super-linter/super-linter:v6.4.1	2026-01-04T15:31:53.0832072Z 4f4fb700ef54: Pulling fs layer
Quality - Super Linter (Markdown)	Pull ghcr.io/super-linter/super-linter:v6.4.1	2026-01-04T15:31:53.0833585Z afe45391c009: Waiting
Quality - Super Linter (Markdown)	Pull ghcr.io/super-linter/super-linter:v6.4.1	2026-01-04T15:31:53.0835021Z 980b4d023b15: Pulling fs layer
Quality - Super Linter (Markdown)	Pull ghcr.io/super-linter/super-linter:v6.4.1	2026-01-04T15:31:53.0836369Z 9d9e8e00092a: Pulling fs layer
Quality - Super Linter (Markdown)	Pull ghcr.io/super-linter/super-linter:v6.4.1	2026-01-04T15:31:53.0837710Z a81350e07c07: Waiting
Quality - Super Linter (Markdown)	Pull ghcr.io/super-linter/super-linter:v6.4.1	2026-01-04T15:31:53.0838886Z 7a78336c0715: Pulling fs layer
Quality - Super Linter (Markdown)	Pull ghcr.io/super-linter/super-linter:v6.4.1	2026-01-04T15:31:53.0840216Z 6d27c7effc4b: Pulling fs layer
Quality - Super Linter (Markdown)	Pull ghcr.io/super-linter/super-linter:v6.4.1	2026-01-04T15:31:53.0841573Z d5d683fa4161: Pulling fs layer
Quality - Super Linter (Markdown)	Pull ghcr.io/super-linter/super-linter:v6.4.1	2026-01-04T15:31:53.0843140Z f4d40346dcbb: Pulling fs layer
Quality - Super Linter (Markdown)	Pull ghcr.io/super-linter/super-linter:v6.4.1	2026-01-04T15:31:53.0844490Z 41179176e736: Pulling fs layer
Quality - Super Linter (Markdown)	Pull ghcr.io/super-linter/super-linter:v6.4.1	2026-01-04T15:31:53.0845798Z ac410f2cb172: Waiting
Quality - Super Linter (Markdown)	Pull ghcr.io/super-linter/super-linter:v6.4.1	2026-01-04T15:31:53.0847004Z 841e9e46dabd: Pulling fs layer
Quality - Super Linter (Markdown)	Pull ghcr.io/super-linter/super-linter:v6.4.1	2026-01-04T15:31:53.0848383Z d08d65541dde: Pulling fs layer
Quality - Super Linter (Markdown)	Pull ghcr.io/super-linter/super-linter:v6.4.1	2026-01-04T15:31:53.0849702Z 58408801f917: Waiting
Quality - Super Linter (Markdown)	Pull ghcr.io/super-linter/super-linter:v6.4.1	2026-01-04T15:31:53.0850892Z 908cd7cecb04: Pulling fs layer
Quality - Super Linter (Markdown)	Pull ghcr.io/super-linter/super-linter:v6.4.1	2026-01-04T15:31:53.0852273Z 8e1f49b23c0b: Pulling fs layer
Quality - Super Linter (Markdown)	Pull ghcr.io/super-linter/super-linter:v6.4.1	2026-01-04T15:31:53.0853792Z c14675796f61: Waiting
Quality - Super Linter (Markdown)	Pull ghcr.io/super-linter/super-linter:v6.4.1	2026-01-04T15:31:53.0854977Z 2374de6e6570: Pulling fs layer
Quality - Super Linter (Markdown)	Pull ghcr.io/super-linter/super-linter:v6.4.1	2026-01-04T15:31:53.0856321Z 11703cbf44f8: Pulling fs layer
Quality - Super Linter (Markdown)	Pull ghcr.io/super-linter/super-linter:v6.4.1	2026-01-04T15:31:53.0857639Z a153b837d020: Waiting
Quality - Super Linter (Markdown)	Pull ghcr.io/super-linter/super-linter:v6.4.1	2026-01-04T15:31:53.0858878Z c66419e12643: Pulling fs layer
Quality - Super Linter (Markdown)	Pull ghcr.io/super-linter/super-linter:v6.4.1	2026-01-04T15:31:53.0860243Z a2b6087d28a5: Pulling fs layer
Quality - Super Linter (Markdown)	Pull ghcr.io/super-linter/super-linter:v6.4.1	2026-01-04T15:31:53.0861622Z 86c9b7cac15b: Pulling fs layer
Quality - Super Linter (Markdown)	Pull ghcr.io/super-linter/super-linter:v6.4.1	2026-01-04T15:31:53.0863129Z 62f0a69f0ba6: Waiting
Quality - Super Linter (Markdown)	Pull ghcr.io/super-linter/super-linter:v6.4.1	2026-01-04T15:31:53.0864345Z 358bf6b52a02: Pulling fs layer
Quality - Super Linter (Markdown)	Pull ghcr.io/super-linter/super-linter:v6.4.1	2026-01-04T15:31:53.0865722Z fa854c08e02f: Pulling fs layer
Quality - Super Linter (Markdown)	Pull ghcr.io/super-linter/super-linter:v6.4.1	2026-01-04T15:31:53.0867045Z a01cd4cd1937: Waiting
Quality - Super Linter (Markdown)	Pull ghcr.io/super-linter/super-linter:v6.4.1	2026-01-04T15:31:53.0868254Z 29e5620dfc11: Pulling fs layer
Quality - Super Linter (Markdown)	Pull ghcr.io/super-linter/super-linter:v6.4.1	2026-01-04T15:31:53.0869567Z 679fa43804c2: Waiting
Quality - Super Linter (Markdown)	Pull ghcr.io/super-linter/super-linter:v6.4.1	2026-01-04T15:31:53.0870710Z ac0068a8f186: Waiting
Quality - Super Linter (Markdown)	Pull ghcr.io/super-linter/super-linter:v6.4.1	2026-01-04T15:31:53.0871854Z 4f1ed23c8872: Waiting
Quality - Super Linter (Markdown)	Pull ghcr.io/super-linter/super-linter:v6.4.1	2026-01-04T15:31:53.0873192Z 8cb481d727fc: Waiting
Quality - Super Linter (Markdown)	Pull ghcr.io/super-linter/super-linter:v6.4.1	2026-01-04T15:31:53.0874339Z 42f1f6aee0ec: Waiting
Quality - Super Linter (Markdown)	Pull ghcr.io/super-linter/super-linter:v6.4.1	2026-01-04T15:31:53.0875491Z 77af49bbd0db: Waiting
Quality - Super Linter (Markdown)	Pull ghcr.io/super-linter/super-linter:v6.4.1	2026-01-04T15:31:53.0876630Z 48bcb6b9b46a: Waiting
Quality - Super Linter (Markdown)	Pull ghcr.io/super-linter/super-linter:v6.4.1	2026-01-04T15:31:53.0877755Z a78ee5781f82: Waiting
Quality - Super Linter (Markdown)	Pull ghcr.io/super-linter/super-linter:v6.4.1	2026-01-04T15:31:53.0878866Z 39b0320167dc: Waiting
Quality - Super Linter (Markdown)	Pull ghcr.io/super-linter/super-linter:v6.4.1	2026-01-04T15:31:53.0879993Z be4408e411d2: Waiting
Quality - Super Linter (Markdown)	Pull ghcr.io/super-linter/super-linter:v6.4.1	2026-01-04T15:31:53.0881162Z 77a3a678bb12: Waiting
Quality - Super Linter (Markdown)	Pull ghcr.io/super-linter/super-linter:v6.4.1	2026-01-04T15:31:53.0882503Z 9d9e8e00092a: Waiting
Quality - Super Linter (Markdown)	Pull ghcr.io/super-linter/super-linter:v6.4.1	2026-01-04T15:31:53.0883650Z ff4fd783a8cd: Waiting
Quality - Super Linter (Markdown)	Pull ghcr.io/super-linter/super-linter:v6.4.1	2026-01-04T15:31:53.0884950Z 7a78336c0715: Waiting
Quality - Super Linter (Markdown)	Pull ghcr.io/super-linter/super-linter:v6.4.1	2026-01-04T15:31:53.0886069Z 7587261da72c: Waiting
Quality - Super Linter (Markdown)	Pull ghcr.io/super-linter/super-linter:v6.4.1	2026-01-04T15:31:53.0887195Z 6d27c7effc4b: Waiting
Quality - Super Linter (Markdown)	Pull ghcr.io/super-linter/super-linter:v6.4.1	2026-01-04T15:31:53.0888322Z 8f944a845341: Waiting
Quality - Super Linter (Markdown)	Pull ghcr.io/super-linter/super-linter:v6.4.1	2026-01-04T15:31:53.0889430Z d5d683fa4161: Waiting
Quality - Super Linter (Markdown)	Pull ghcr.io/super-linter/super-linter:v6.4.1	2026-01-04T15:31:53.0890542Z 440b44910ebd: Waiting
Quality - Super Linter (Markdown)	Pull ghcr.io/super-linter/super-linter:v6.4.1	2026-01-04T15:31:53.0891648Z f4d40346dcbb: Waiting
Quality - Super Linter (Markdown)	Pull ghcr.io/super-linter/super-linter:v6.4.1	2026-01-04T15:31:53.0892961Z bb59c559bc3c: Waiting
Quality - Super Linter (Markdown)	Pull ghcr.io/super-linter/super-linter:v6.4.1	2026-01-04T15:31:53.0894092Z 41179176e736: Waiting
Quality - Super Linter (Markdown)	Pull ghcr.io/super-linter/super-linter:v6.4.1	2026-01-04T15:31:53.0895210Z ddee7a464297: Waiting
Quality - Super Linter (Markdown)	Pull ghcr.io/super-linter/super-linter:v6.4.1	2026-01-04T15:31:53.0896338Z e56892dd1903: Waiting
Quality - Super Linter (Markdown)	Pull ghcr.io/super-linter/super-linter:v6.4.1	2026-01-04T15:31:53.0897463Z 841e9e46dabd: Waiting
Quality - Super Linter (Markdown)	Pull ghcr.io/super-linter/super-linter:v6.4.1	2026-01-04T15:31:53.0898588Z 89c2f830de8c: Waiting
Quality - Super Linter (Markdown)	Pull ghcr.io/super-linter/super-linter:v6.4.1	2026-01-04T15:31:53.0899712Z d08d65541dde: Waiting
Quality - Super Linter (Markdown)	Pull ghcr.io/super-linter/super-linter:v6.4.1	2026-01-04T15:31:53.0900828Z f20145f15363: Waiting
Quality - Super Linter (Markdown)	Pull ghcr.io/super-linter/super-linter:v6.4.1	2026-01-04T15:31:53.0901931Z 908cd7cecb04: Waiting
Quality - Super Linter (Markdown)	Pull ghcr.io/super-linter/super-linter:v6.4.1	2026-01-04T15:31:53.0903200Z ebb8c8e302c0: Waiting
Quality - Super Linter (Markdown)	Pull ghcr.io/super-linter/super-linter:v6.4.1	2026-01-04T15:31:53.0904319Z 8e1f49b23c0b: Waiting
Quality - Super Linter (Markdown)	Pull ghcr.io/super-linter/super-linter:v6.4.1	2026-01-04T15:31:53.0905447Z 2d1b742a7639: Waiting
Quality - Super Linter (Markdown)	Pull ghcr.io/super-linter/super-linter:v6.4.1	2026-01-04T15:31:53.0906563Z 2374de6e6570: Waiting
Quality - Super Linter (Markdown)	Pull ghcr.io/super-linter/super-linter:v6.4.1	2026-01-04T15:31:53.0907691Z 8a8e53df9748: Waiting
Quality - Super Linter (Markdown)	Pull ghcr.io/super-linter/super-linter:v6.4.1	2026-01-04T15:31:53.0908810Z 11703cbf44f8: Waiting
Quality - Super Linter (Markdown)	Pull ghcr.io/super-linter/super-linter:v6.4.1	2026-01-04T15:31:53.0909931Z 374c90eded7d: Waiting
Quality - Super Linter (Markdown)	Pull ghcr.io/super-linter/super-linter:v6.4.1	2026-01-04T15:31:53.0911039Z c66419e12643: Waiting
Quality - Super Linter (Markdown)	Pull ghcr.io/super-linter/super-linter:v6.4.1	2026-01-04T15:31:53.0912159Z 9f14c34bef3a: Waiting
Quality - Super Linter (Markdown)	Pull ghcr.io/super-linter/super-linter:v6.4.1	2026-01-04T15:31:53.0913373Z a2b6087d28a5: Waiting
Quality - Super Linter (Markdown)	Pull ghcr.io/super-linter/super-linter:v6.4.1	2026-01-04T15:31:53.0914488Z bcf688e1a2de: Waiting
Quality - Super Linter (Markdown)	Pull ghcr.io/super-linter/super-linter:v6.4.1	2026-01-04T15:31:53.0915616Z 86c9b7cac15b: Waiting
Quality - Super Linter (Markdown)	Pull ghcr.io/super-linter/super-linter:v6.4.1	2026-01-04T15:31:53.0916735Z 3c78162e3ea5: Waiting
Quality - Super Linter (Markdown)	Pull ghcr.io/super-linter/super-linter:v6.4.1	2026-01-04T15:31:53.0917857Z 358bf6b52a02: Waiting
Quality - Super Linter (Markdown)	Pull ghcr.io/super-linter/super-linter:v6.4.1	2026-01-04T15:31:53.0918966Z 1b5c3516c6b5: Waiting
Quality - Super Linter (Markdown)	Pull ghcr.io/super-linter/super-linter:v6.4.1	2026-01-04T15:31:53.0920092Z fa854c08e02f: Waiting
Quality - Super Linter (Markdown)	Pull ghcr.io/super-linter/super-linter:v6.4.1	2026-01-04T15:31:53.0921204Z 901bdb4d8ee1: Waiting
Quality - Super Linter (Markdown)	Pull ghcr.io/super-linter/super-linter:v6.4.1	2026-01-04T15:31:53.0922406Z 29e5620dfc11: Waiting
Quality - Super Linter (Markdown)	Pull ghcr.io/super-linter/super-linter:v6.4.1	2026-01-04T15:31:53.0923532Z 4f4fb700ef54: Waiting
Quality - Super Linter (Markdown)	Pull ghcr.io/super-linter/super-linter:v6.4.1	2026-01-04T15:31:53.0924658Z 980b4d023b15: Waiting
Quality - Super Linter (Markdown)	Pull ghcr.io/super-linter/super-linter:v6.4.1	2026-01-04T15:31:53.4003793Z c3cdf40b8bda: Download complete
Quality - Super Linter (Markdown)	Pull ghcr.io/super-linter/super-linter:v6.4.1	2026-01-04T15:31:53.4316598Z 4abcf2066143: Download complete
Quality - Super Linter (Markdown)	Pull ghcr.io/super-linter/super-linter:v6.4.1	2026-01-04T15:31:53.4839807Z 3a6cecfe7003: Verifying Checksum
Quality - Super Linter (Markdown)	Pull ghcr.io/super-linter/super-linter:v6.4.1	2026-01-04T15:31:53.4841777Z 3a6cecfe7003: Download complete
Quality - Super Linter (Markdown)	Pull ghcr.io/super-linter/super-linter:v6.4.1	2026-01-04T15:31:53.5458909Z 4abcf2066143: Pull complete
Quality - Super Linter (Markdown)	Pull ghcr.io/super-linter/super-linter:v6.4.1	2026-01-04T15:31:53.6719209Z 60d2faee92e7: Verifying Checksum
Quality - Super Linter (Markdown)	Pull ghcr.io/super-linter/super-linter:v6.4.1	2026-01-04T15:31:53.6721331Z 60d2faee92e7: Download complete
Quality - Super Linter (Markdown)	Pull ghcr.io/super-linter/super-linter:v6.4.1	2026-01-04T15:31:53.7945237Z b62713ed4827: Verifying Checksum
Quality - Super Linter (Markdown)	Pull ghcr.io/super-linter/super-linter:v6.4.1	2026-01-04T15:31:53.7947453Z b62713ed4827: Download complete
Quality - Super Linter (Markdown)	Pull ghcr.io/super-linter/super-linter:v6.4.1	2026-01-04T15:31:53.7966187Z 41cf79ff2f35: Verifying Checksum
Quality - Super Linter (Markdown)	Pull ghcr.io/super-linter/super-linter:v6.4.1	2026-01-04T15:31:53.7968120Z 41cf79ff2f35: Download complete
Quality - Super Linter (Markdown)	Pull ghcr.io/super-linter/super-linter:v6.4.1	2026-01-04T15:31:53.9283049Z c3cdf40b8bda: Pull complete
Quality - Super Linter (Markdown)	Pull ghcr.io/super-linter/super-linter:v6.4.1	2026-01-04T15:31:54.0496270Z af2ab54af602: Download complete
Quality - Super Linter (Markdown)	Pull ghcr.io/super-linter/super-linter:v6.4.1	2026-01-04T15:31:54.2238552Z ab59ecdf3b14: Verifying Checksum
Quality - Super Linter (Markdown)	Pull ghcr.io/super-linter/super-linter:v6.4.1	2026-01-04T15:31:54.2242502Z ab59ecdf3b14: Download complete
Quality - Super Linter (Markdown)	Pull ghcr.io/super-linter/super-linter:v6.4.1	2026-01-04T15:31:54.4140210Z 30d4c404414b: Verifying Checksum
Quality - Super Linter (Markdown)	Pull ghcr.io/super-linter/super-linter:v6.4.1	2026-01-04T15:31:54.4140739Z 30d4c404414b: Download complete
Quality - Super Linter (Markdown)	Pull ghcr.io/super-linter/super-linter:v6.4.1	2026-01-04T15:31:54.4941537Z fe06f8764dc1: Verifying Checksum
Quality - Super Linter (Markdown)	Pull ghcr.io/super-linter/super-linter:v6.4.1	2026-01-04T15:31:54.4942645Z fe06f8764dc1: Download complete
Quality - Super Linter (Markdown)	Pull ghcr.io/super-linter/super-linter:v6.4.1	2026-01-04T15:31:54.5842577Z 3a6cecfe7003: Pull complete
Quality - Super Linter (Markdown)	Pull ghcr.io/super-linter/super-linter:v6.4.1	2026-01-04T15:31:54.6009710Z 60d2faee92e7: Pull complete
Quality - Super Linter (Markdown)	Pull ghcr.io/super-linter/super-linter:v6.4.1	2026-01-04T15:31:54.7194712Z e3bac41bfe22: Download complete
Quality - Super Linter (Markdown)	Pull ghcr.io/super-linter/super-linter:v6.4.1	2026-01-04T15:31:54.9289155Z 12efd3b15b44: Verifying Checksum
Quality - Super Linter (Markdown)	Pull ghcr.io/super-linter/super-linter:v6.4.1	2026-01-04T15:31:54.9290684Z 12efd3b15b44: Download complete
Quality - Super Linter (Markdown)	Pull ghcr.io/super-linter/super-linter:v6.4.1	2026-01-04T15:31:54.9334513Z b62713ed4827: Pull complete
Quality - Super Linter (Markdown)	Pull ghcr.io/super-linter/super-linter:v6.4.1	2026-01-04T15:31:54.9749622Z 41cf79ff2f35: Pull complete
Quality - Super Linter (Markdown)	Pull ghcr.io/super-linter/super-linter:v6.4.1	2026-01-04T15:31:55.0240795Z 4ddb2217c4b9: Download complete
Quality - Super Linter (Markdown)	Pull ghcr.io/super-linter/super-linter:v6.4.1	2026-01-04T15:31:55.1916892Z 176863d5adfb: Download complete
Quality - Super Linter (Markdown)	Pull ghcr.io/super-linter/super-linter:v6.4.1	2026-01-04T15:31:55.2880473Z 190c5193e590: Verifying Checksum
Quality - Super Linter (Markdown)	Pull ghcr.io/super-linter/super-linter:v6.4.1	2026-01-04T15:31:55.2881326Z 190c5193e590: Download complete
Quality - Super Linter (Markdown)	Pull ghcr.io/super-linter/super-linter:v6.4.1	2026-01-04T15:31:55.3862824Z afe45391c009: Verifying Checksum
Quality - Super Linter (Markdown)	Pull ghcr.io/super-linter/super-linter:v6.4.1	2026-01-04T15:31:55.3863333Z afe45391c009: Download complete
Quality - Super Linter (Markdown)	Pull ghcr.io/super-linter/super-linter:v6.4.1	2026-01-04T15:31:55.4955143Z a81350e07c07: Download complete
Quality - Super Linter (Markdown)	Pull ghcr.io/super-linter/super-linter:v6.4.1	2026-01-04T15:31:55.5373834Z ac410f2cb172: Verifying Checksum
Quality - Super Linter (Markdown)	Pull ghcr.io/super-linter/super-linter:v6.4.1	2026-01-04T15:31:55.5376330Z ac410f2cb172: Download complete
Quality - Super Linter (Markdown)	Pull ghcr.io/super-linter/super-linter:v6.4.1	2026-01-04T15:31:55.7444572Z c14675796f61: Verifying Checksum
Quality - Super Linter (Markdown)	Pull ghcr.io/super-linter/super-linter:v6.4.1	2026-01-04T15:31:55.7445163Z c14675796f61: Download complete
Quality - Super Linter (Markdown)	Pull ghcr.io/super-linter/super-linter:v6.4.1	2026-01-04T15:31:55.7869875Z a153b837d020: Verifying Checksum
Quality - Super Linter (Markdown)	Pull ghcr.io/super-linter/super-linter:v6.4.1	2026-01-04T15:31:55.7871916Z a153b837d020: Download complete
Quality - Super Linter (Markdown)	Pull ghcr.io/super-linter/super-linter:v6.4.1	2026-01-04T15:31:55.7908715Z 58408801f917: Verifying Checksum
Quality - Super Linter (Markdown)	Pull ghcr.io/super-linter/super-linter:v6.4.1	2026-01-04T15:31:55.7909978Z 58408801f917: Download complete
Quality - Super Linter (Markdown)	Pull ghcr.io/super-linter/super-linter:v6.4.1	2026-01-04T15:31:56.0509263Z a01cd4cd1937: Verifying Checksum
Quality - Super Linter (Markdown)	Pull ghcr.io/super-linter/super-linter:v6.4.1	2026-01-04T15:31:56.0514456Z a01cd4cd1937: Download complete
Quality - Super Linter (Markdown)	Pull ghcr.io/super-linter/super-linter:v6.4.1	2026-01-04T15:31:56.0540243Z 679fa43804c2: Verifying Checksum
Quality - Super Linter (Markdown)	Pull ghcr.io/super-linter/super-linter:v6.4.1	2026-01-04T15:31:56.0544936Z 679fa43804c2: Download complete
Quality - Super Linter (Markdown)	Pull ghcr.io/super-linter/super-linter:v6.4.1	2026-01-04T15:31:56.3037242Z 8cb481d727fc: Download complete
Quality - Super Linter (Markdown)	Pull ghcr.io/super-linter/super-linter:v6.4.1	2026-01-04T15:31:56.4814977Z ac0068a8f186: Download complete
Quality - Super Linter (Markdown)	Pull ghcr.io/super-linter/super-linter:v6.4.1	2026-01-04T15:31:56.5548313Z 42f1f6aee0ec: Verifying Checksum
Quality - Super Linter (Markdown)	Pull ghcr.io/super-linter/super-linter:v6.4.1	2026-01-04T15:31:56.5548804Z 42f1f6aee0ec: Download complete
Quality - Super Linter (Markdown)	Pull ghcr.io/super-linter/super-linter:v6.4.1	2026-01-04T15:31:56.5650320Z 62f0a69f0ba6: Verifying Checksum
Quality - Super Linter (Markdown)	Pull ghcr.io/super-linter/super-linter:v6.4.1	2026-01-04T15:31:56.8383802Z 62f0a69f0ba6: Download complete
Quality - Super Linter (Markdown)	Pull ghcr.io/super-linter/super-linter:v6.4.1	2026-01-04T15:31:56.8385609Z 48bcb6b9b46a: Verifying Checksum
Quality - Super Linter (Markdown)	Pull ghcr.io/super-linter/super-linter:v6.4.1	2026-01-04T15:31:56.8386024Z 48bcb6b9b46a: Download complete
Quality - Super Linter (Markdown)	Pull ghcr.io/super-linter/super-linter:v6.4.1	2026-01-04T15:31:56.9229693Z 4f1ed23c8872: Verifying Checksum
Quality - Super Linter (Markdown)	Pull ghcr.io/super-linter/super-linter:v6.4.1	2026-01-04T15:31:56.9230625Z 4f1ed23c8872: Download complete
Quality - Super Linter (Markdown)	Pull ghcr.io/super-linter/super-linter:v6.4.1	2026-01-04T15:31:57.0947147Z 77af49bbd0db: Verifying Checksum
Quality - Super Linter (Markdown)	Pull ghcr.io/super-linter/super-linter:v6.4.1	2026-01-04T15:31:57.0950900Z 77af49bbd0db: Download complete
Quality - Super Linter (Markdown)	Pull ghcr.io/super-linter/super-linter:v6.4.1	2026-01-04T15:31:57.3180982Z a78ee5781f82: Verifying Checksum
Quality - Super Linter (Markdown)	Pull ghcr.io/super-linter/super-linter:v6.4.1	2026-01-04T15:31:57.3181586Z a78ee5781f82: Download complete
Quality - Super Linter (Markdown)	Pull ghcr.io/super-linter/super-linter:v6.4.1	2026-01-04T15:31:57.3701935Z be4408e411d2: Download complete
Quality - Super Linter (Markdown)	Pull ghcr.io/super-linter/super-linter:v6.4.1	2026-01-04T15:31:57.8419930Z ff4fd783a8cd: Verifying Checksum
Quality - Super Linter (Markdown)	Pull ghcr.io/super-linter/super-linter:v6.4.1	2026-01-04T15:31:57.8422258Z ff4fd783a8cd: Download complete
Quality - Super Linter (Markdown)	Pull ghcr.io/super-linter/super-linter:v6.4.1	2026-01-04T15:31:57.8462046Z 77a3a678bb12: Verifying Checksum
Quality - Super Linter (Markdown)	Pull ghcr.io/super-linter/super-linter:v6.4.1	2026-01-04T15:31:57.8465930Z 77a3a678bb12: Download complete
Quality - Super Linter (Markdown)	Pull ghcr.io/super-linter/super-linter:v6.4.1	2026-01-04T15:31:58.2489736Z 7587261da72c: Download complete
Quality - Super Linter (Markdown)	Pull ghcr.io/super-linter/super-linter:v6.4.1	2026-01-04T15:31:58.2738293Z 8f944a845341: Verifying Checksum
Quality - Super Linter (Markdown)	Pull ghcr.io/super-linter/super-linter:v6.4.1	2026-01-04T15:31:58.2738773Z 8f944a845341: Download complete
Quality - Super Linter (Markdown)	Pull ghcr.io/super-linter/super-linter:v6.4.1	2026-01-04T15:31:58.5480829Z 39b0320167dc: Verifying Checksum
Quality - Super Linter (Markdown)	Pull ghcr.io/super-linter/super-linter:v6.4.1	2026-01-04T15:31:58.5482135Z 39b0320167dc: Download complete
Quality - Super Linter (Markdown)	Pull ghcr.io/super-linter/super-linter:v6.4.1	2026-01-04T15:31:58.7225663Z 440b44910ebd: Verifying Checksum
Quality - Super Linter (Markdown)	Pull ghcr.io/super-linter/super-linter:v6.4.1	2026-01-04T15:31:58.7226181Z 440b44910ebd: Download complete
Quality - Super Linter (Markdown)	Pull ghcr.io/super-linter/super-linter:v6.4.1	2026-01-04T15:31:58.9093687Z bb59c559bc3c: Verifying Checksum
Quality - Super Linter (Markdown)	Pull ghcr.io/super-linter/super-linter:v6.4.1	2026-01-04T15:31:58.9094181Z bb59c559bc3c: Download complete
Quality - Super Linter (Markdown)	Pull ghcr.io/super-linter/super-linter:v6.4.1	2026-01-04T15:31:58.9902957Z ddee7a464297: Verifying Checksum
Quality - Super Linter (Markdown)	Pull ghcr.io/super-linter/super-linter:v6.4.1	2026-01-04T15:31:58.9903436Z ddee7a464297: Download complete
Quality - Super Linter (Markdown)	Pull ghcr.io/super-linter/super-linter:v6.4.1	2026-01-04T15:31:59.1849160Z e56892dd1903: Verifying Checksum
Quality - Super Linter (Markdown)	Pull ghcr.io/super-linter/super-linter:v6.4.1	2026-01-04T15:31:59.1849616Z e56892dd1903: Download complete
Quality - Super Linter (Markdown)	Pull ghcr.io/super-linter/super-linter:v6.4.1	2026-01-04T15:31:59.4288134Z 89c2f830de8c: Verifying Checksum
Quality - Super Linter (Markdown)	Pull ghcr.io/super-linter/super-linter:v6.4.1	2026-01-04T15:31:59.4288616Z 89c2f830de8c: Download complete
Quality - Super Linter (Markdown)	Pull ghcr.io/super-linter/super-linter:v6.4.1	2026-01-04T15:31:59.4866349Z f20145f15363: Download complete
Quality - Super Linter (Markdown)	Pull ghcr.io/super-linter/super-linter:v6.4.1	2026-01-04T15:31:59.5409454Z ebb8c8e302c0: Verifying Checksum
Quality - Super Linter (Markdown)	Pull ghcr.io/super-linter/super-linter:v6.4.1	2026-01-04T15:31:59.5410062Z ebb8c8e302c0: Download complete
Quality - Super Linter (Markdown)	Pull ghcr.io/super-linter/super-linter:v6.4.1	2026-01-04T15:31:59.7846530Z 2d1b742a7639: Verifying Checksum
Quality - Super Linter (Markdown)	Pull ghcr.io/super-linter/super-linter:v6.4.1	2026-01-04T15:31:59.7851321Z 2d1b742a7639: Download complete
Quality - Super Linter (Markdown)	Pull ghcr.io/super-linter/super-linter:v6.4.1	2026-01-04T15:31:59.8270309Z 8a8e53df9748: Verifying Checksum
Quality - Super Linter (Markdown)	Pull ghcr.io/super-linter/super-linter:v6.4.1	2026-01-04T15:31:59.8270790Z 8a8e53df9748: Download complete
Quality - Super Linter (Markdown)	Pull ghcr.io/super-linter/super-linter:v6.4.1	2026-01-04T15:32:00.0513821Z 374c90eded7d: Verifying Checksum
Quality - Super Linter (Markdown)	Pull ghcr.io/super-linter/super-linter:v6.4.1	2026-01-04T15:32:00.0514403Z 374c90eded7d: Download complete
Quality - Super Linter (Markdown)	Pull ghcr.io/super-linter/super-linter:v6.4.1	2026-01-04T15:32:00.2812185Z bcf688e1a2de: Download complete
Quality - Super Linter (Markdown)	Pull ghcr.io/super-linter/super-linter:v6.4.1	2026-01-04T15:32:00.3464745Z 9f14c34bef3a: Verifying Checksum
Quality - Super Linter (Markdown)	Pull ghcr.io/super-linter/super-linter:v6.4.1	2026-01-04T15:32:00.3465202Z 9f14c34bef3a: Download complete
Quality - Super Linter (Markdown)	Pull ghcr.io/super-linter/super-linter:v6.4.1	2026-01-04T15:32:00.4246837Z 3c78162e3ea5: Verifying Checksum
Quality - Super Linter (Markdown)	Pull ghcr.io/super-linter/super-linter:v6.4.1	2026-01-04T15:32:00.4247270Z 3c78162e3ea5: Download complete
Quality - Super Linter (Markdown)	Pull ghcr.io/super-linter/super-linter:v6.4.1	2026-01-04T15:32:00.6566110Z 4f4fb700ef54: Verifying Checksum
Quality - Super Linter (Markdown)	Pull ghcr.io/super-linter/super-linter:v6.4.1	2026-01-04T15:32:00.6569389Z 4f4fb700ef54: Download complete
Quality - Super Linter (Markdown)	Pull ghcr.io/super-linter/super-linter:v6.4.1	2026-01-04T15:32:00.6876577Z 1b5c3516c6b5: Verifying Checksum
Quality - Super Linter (Markdown)	Pull ghcr.io/super-linter/super-linter:v6.4.1	2026-01-04T15:32:00.6876996Z 1b5c3516c6b5: Download complete
Quality - Super Linter (Markdown)	Pull ghcr.io/super-linter/super-linter:v6.4.1	2026-01-04T15:32:01.0206335Z 980b4d023b15: Download complete
Quality - Super Linter (Markdown)	Pull ghcr.io/super-linter/super-linter:v6.4.1	2026-01-04T15:32:01.4356530Z 7a78336c0715: Verifying Checksum
Quality - Super Linter (Markdown)	Pull ghcr.io/super-linter/super-linter:v6.4.1	2026-01-04T15:32:01.4361698Z 7a78336c0715: Download complete
Quality - Super Linter (Markdown)	Pull ghcr.io/super-linter/super-linter:v6.4.1	2026-01-04T15:32:01.6886001Z 6d27c7effc4b: Verifying Checksum
Quality - Super Linter (Markdown)	Pull ghcr.io/super-linter/super-linter:v6.4.1	2026-01-04T15:32:01.6886718Z 6d27c7effc4b: Download complete
Quality - Super Linter (Markdown)	Pull ghcr.io/super-linter/super-linter:v6.4.1	2026-01-04T15:32:01.9421934Z d5d683fa4161: Verifying Checksum
Quality - Super Linter (Markdown)	Pull ghcr.io/super-linter/super-linter:v6.4.1	2026-01-04T15:32:01.9422588Z d5d683fa4161: Download complete
Quality - Super Linter (Markdown)	Pull ghcr.io/super-linter/super-linter:v6.4.1	2026-01-04T15:32:02.2868740Z 190c5193e590: Pull complete
Quality - Super Linter (Markdown)	Pull ghcr.io/super-linter/super-linter:v6.4.1	2026-01-04T15:32:02.7079953Z 901bdb4d8ee1: Verifying Checksum
Quality - Super Linter (Markdown)	Pull ghcr.io/super-linter/super-linter:v6.4.1	2026-01-04T15:32:02.7080467Z 901bdb4d8ee1: Download complete
Quality - Super Linter (Markdown)	Pull ghcr.io/super-linter/super-linter:v6.4.1	2026-01-04T15:32:02.9694116Z 41179176e736: Verifying Checksum
Quality - Super Linter (Markdown)	Pull ghcr.io/super-linter/super-linter:v6.4.1	2026-01-04T15:32:02.9695804Z 41179176e736: Download complete
Quality - Super Linter (Markdown)	Pull ghcr.io/super-linter/super-linter:v6.4.1	2026-01-04T15:32:03.3165054Z 841e9e46dabd: Verifying Checksum
Quality - Super Linter (Markdown)	Pull ghcr.io/super-linter/super-linter:v6.4.1	2026-01-04T15:32:03.3165770Z 841e9e46dabd: Download complete
Quality - Super Linter (Markdown)	Pull ghcr.io/super-linter/super-linter:v6.4.1	2026-01-04T15:32:03.5423230Z af2ab54af602: Pull complete
Quality - Super Linter (Markdown)	Pull ghcr.io/super-linter/super-linter:v6.4.1	2026-01-04T15:32:03.9603280Z 9d9e8e00092a: Verifying Checksum
Quality - Super Linter (Markdown)	Pull ghcr.io/super-linter/super-linter:v6.4.1	2026-01-04T15:32:03.9604489Z 9d9e8e00092a: Download complete
Quality - Super Linter (Markdown)	Pull ghcr.io/super-linter/super-linter:v6.4.1	2026-01-04T15:32:04.2183761Z 908cd7cecb04: Verifying Checksum
Quality - Super Linter (Markdown)	Pull ghcr.io/super-linter/super-linter:v6.4.1	2026-01-04T15:32:04.2185103Z 908cd7cecb04: Download complete
Quality - Super Linter (Markdown)	Pull ghcr.io/super-linter/super-linter:v6.4.1	2026-01-04T15:32:04.4167913Z f4d40346dcbb: Verifying Checksum
Quality - Super Linter (Markdown)	Pull ghcr.io/super-linter/super-linter:v6.4.1	2026-01-04T15:32:04.4168437Z f4d40346dcbb: Download complete
Quality - Super Linter (Markdown)	Pull ghcr.io/super-linter/super-linter:v6.4.1	2026-01-04T15:32:04.4712857Z 8e1f49b23c0b: Verifying Checksum
Quality - Super Linter (Markdown)	Pull ghcr.io/super-linter/super-linter:v6.4.1	2026-01-04T15:32:04.4713701Z 8e1f49b23c0b: Download complete
Quality - Super Linter (Markdown)	Pull ghcr.io/super-linter/super-linter:v6.4.1	2026-01-04T15:32:04.8844726Z 11703cbf44f8: Verifying Checksum
Quality - Super Linter (Markdown)	Pull ghcr.io/super-linter/super-linter:v6.4.1	2026-01-04T15:32:04.8845933Z 11703cbf44f8: Download complete
Quality - Super Linter (Markdown)	Pull ghcr.io/super-linter/super-linter:v6.4.1	2026-01-04T15:32:05.1484712Z c66419e12643: Verifying Checksum
Quality - Super Linter (Markdown)	Pull ghcr.io/super-linter/super-linter:v6.4.1	2026-01-04T15:32:05.1485197Z c66419e12643: Download complete
Quality - Super Linter (Markdown)	Pull ghcr.io/super-linter/super-linter:v6.4.1	2026-01-04T15:32:05.2317455Z 2374de6e6570: Download complete
Quality - Super Linter (Markdown)	Pull ghcr.io/super-linter/super-linter:v6.4.1	2026-01-04T15:32:05.4627024Z a2b6087d28a5: Download complete
Quality - Super Linter (Markdown)	Pull ghcr.io/super-linter/super-linter:v6.4.1	2026-01-04T15:32:05.4840686Z 86c9b7cac15b: Verifying Checksum
Quality - Super Linter (Markdown)	Pull ghcr.io/super-linter/super-linter:v6.4.1	2026-01-04T15:32:05.4842583Z 86c9b7cac15b: Download complete
Quality - Super Linter (Markdown)	Pull ghcr.io/super-linter/super-linter:v6.4.1	2026-01-04T15:32:05.7744764Z fa854c08e02f: Verifying Checksum
Quality - Super Linter (Markdown)	Pull ghcr.io/super-linter/super-linter:v6.4.1	2026-01-04T15:32:05.7747009Z fa854c08e02f: Download complete
Quality - Super Linter (Markdown)	Pull ghcr.io/super-linter/super-linter:v6.4.1	2026-01-04T15:32:05.8578075Z 358bf6b52a02: Verifying Checksum
Quality - Super Linter (Markdown)	Pull ghcr.io/super-linter/super-linter:v6.4.1	2026-01-04T15:32:05.8578469Z 358bf6b52a02: Download complete
Quality - Super Linter (Markdown)	Pull ghcr.io/super-linter/super-linter:v6.4.1	2026-01-04T15:32:06.0327383Z 29e5620dfc11: Verifying Checksum
Quality - Super Linter (Markdown)	Pull ghcr.io/super-linter/super-linter:v6.4.1	2026-01-04T15:32:06.0327849Z 29e5620dfc11: Download complete
Quality - Super Linter (Markdown)	Pull ghcr.io/super-linter/super-linter:v6.4.1	2026-01-04T15:32:06.1094164Z d08d65541dde: Verifying Checksum
Quality - Super Linter (Markdown)	Pull ghcr.io/super-linter/super-linter:v6.4.1	2026-01-04T15:32:06.1094613Z d08d65541dde: Download complete
Quality - Super Linter (Markdown)	Pull ghcr.io/super-linter/super-linter:v6.4.1	2026-01-04T15:32:06.4898550Z ab59ecdf3b14: Pull complete
Quality - Super Linter (Markdown)	Pull ghcr.io/super-linter/super-linter:v6.4.1	2026-01-04T15:32:06.9552269Z 30d4c404414b: Pull complete
Quality - Super Linter (Markdown)	Pull ghcr.io/super-linter/super-linter:v6.4.1	2026-01-04T15:32:06.9665300Z fe06f8764dc1: Pull complete
Quality - Super Linter (Markdown)	Pull ghcr.io/super-linter/super-linter:v6.4.1	2026-01-04T15:32:06.9851995Z e3bac41bfe22: Pull complete
Quality - Super Linter (Markdown)	Pull ghcr.io/super-linter/super-linter:v6.4.1	2026-01-04T15:32:06.9923307Z 12efd3b15b44: Pull complete
Quality - Super Linter (Markdown)	Pull ghcr.io/super-linter/super-linter:v6.4.1	2026-01-04T15:32:07.0081256Z 4ddb2217c4b9: Pull complete
Quality - Super Linter (Markdown)	Pull ghcr.io/super-linter/super-linter:v6.4.1	2026-01-04T15:32:07.0166237Z 176863d5adfb: Pull complete
Quality - Super Linter (Markdown)	Pull ghcr.io/super-linter/super-linter:v6.4.1	2026-01-04T15:32:07.1035855Z afe45391c009: Pull complete
Quality - Super Linter (Markdown)	Pull ghcr.io/super-linter/super-linter:v6.4.1	2026-01-04T15:32:07.1109137Z a81350e07c07: Pull complete
Quality - Super Linter (Markdown)	Pull ghcr.io/super-linter/super-linter:v6.4.1	2026-01-04T15:32:07.1198637Z ac410f2cb172: Pull complete
Quality - Super Linter (Markdown)	Pull ghcr.io/super-linter/super-linter:v6.4.1	2026-01-04T15:32:07.4296098Z 58408801f917: Pull complete
Quality - Super Linter (Markdown)	Pull ghcr.io/super-linter/super-linter:v6.4.1	2026-01-04T15:32:07.4375787Z c14675796f61: Pull complete
Quality - Super Linter (Markdown)	Pull ghcr.io/super-linter/super-linter:v6.4.1	2026-01-04T15:32:07.4467282Z a153b837d020: Pull complete
Quality - Super Linter (Markdown)	Pull ghcr.io/super-linter/super-linter:v6.4.1	2026-01-04T15:32:07.8256832Z 62f0a69f0ba6: Pull complete
Quality - Super Linter (Markdown)	Pull ghcr.io/super-linter/super-linter:v6.4.1	2026-01-04T15:32:07.8347447Z a01cd4cd1937: Pull complete
Quality - Super Linter (Markdown)	Pull ghcr.io/super-linter/super-linter:v6.4.1	2026-01-04T15:32:07.8429031Z 679fa43804c2: Pull complete
Quality - Super Linter (Markdown)	Pull ghcr.io/super-linter/super-linter:v6.4.1	2026-01-04T15:32:07.9382162Z ac0068a8f186: Pull complete
Quality - Super Linter (Markdown)	Pull ghcr.io/super-linter/super-linter:v6.4.1	2026-01-04T15:32:07.9456501Z 8cb481d727fc: Pull complete
Quality - Super Linter (Markdown)	Pull ghcr.io/super-linter/super-linter:v6.4.1	2026-01-04T15:32:07.9530041Z 42f1f6aee0ec: Pull complete
Quality - Super Linter (Markdown)	Pull ghcr.io/super-linter/super-linter:v6.4.1	2026-01-04T15:32:07.9790898Z 48bcb6b9b46a: Pull complete
Quality - Super Linter (Markdown)	Pull ghcr.io/super-linter/super-linter:v6.4.1	2026-01-04T15:32:32.7803923Z 39b0320167dc: Pull complete
Quality - Super Linter (Markdown)	Pull ghcr.io/super-linter/super-linter:v6.4.1	2026-01-04T15:32:32.8483999Z 4f1ed23c8872: Pull complete
Quality - Super Linter (Markdown)	Pull ghcr.io/super-linter/super-linter:v6.4.1	2026-01-04T15:32:32.8583842Z 77af49bbd0db: Pull complete
Quality - Super Linter (Markdown)	Pull ghcr.io/super-linter/super-linter:v6.4.1	2026-01-04T15:32:32.9449910Z a78ee5781f82: Pull complete
Quality - Super Linter (Markdown)	Pull ghcr.io/super-linter/super-linter:v6.4.1	2026-01-04T15:32:32.9566453Z be4408e411d2: Pull complete
Quality - Super Linter (Markdown)	Pull ghcr.io/super-linter/super-linter:v6.4.1	2026-01-04T15:32:33.3914059Z 77a3a678bb12: Pull complete
Quality - Super Linter (Markdown)	Pull ghcr.io/super-linter/super-linter:v6.4.1	2026-01-04T15:32:36.1960898Z ff4fd783a8cd: Pull complete
Quality - Super Linter (Markdown)	Pull ghcr.io/super-linter/super-linter:v6.4.1	2026-01-04T15:32:36.3418589Z 7587261da72c: Pull complete
Quality - Super Linter (Markdown)	Pull ghcr.io/super-linter/super-linter:v6.4.1	2026-01-04T15:32:36.6066086Z 8f944a845341: Pull complete
Quality - Super Linter (Markdown)	Pull ghcr.io/super-linter/super-linter:v6.4.1	2026-01-04T15:32:36.9827000Z 440b44910ebd: Pull complete
Quality - Super Linter (Markdown)	Pull ghcr.io/super-linter/super-linter:v6.4.1	2026-01-04T15:32:37.1563597Z bb59c559bc3c: Pull complete
Quality - Super Linter (Markdown)	Pull ghcr.io/super-linter/super-linter:v6.4.1	2026-01-04T15:32:37.4929688Z ddee7a464297: Pull complete
Quality - Super Linter (Markdown)	Pull ghcr.io/super-linter/super-linter:v6.4.1	2026-01-04T15:32:37.8296367Z e56892dd1903: Pull complete
Quality - Super Linter (Markdown)	Pull ghcr.io/super-linter/super-linter:v6.4.1	2026-01-04T15:32:38.1650236Z 89c2f830de8c: Pull complete
Quality - Super Linter (Markdown)	Pull ghcr.io/super-linter/super-linter:v6.4.1	2026-01-04T15:32:38.2313599Z f20145f15363: Pull complete
Quality - Super Linter (Markdown)	Pull ghcr.io/super-linter/super-linter:v6.4.1	2026-01-04T15:32:38.2644392Z ebb8c8e302c0: Pull complete
Quality - Super Linter (Markdown)	Pull ghcr.io/super-linter/super-linter:v6.4.1	2026-01-04T15:32:38.2863241Z 2d1b742a7639: Pull complete
Quality - Super Linter (Markdown)	Pull ghcr.io/super-linter/super-linter:v6.4.1	2026-01-04T15:32:38.3088632Z 8a8e53df9748: Pull complete
Quality - Super Linter (Markdown)	Pull ghcr.io/super-linter/super-linter:v6.4.1	2026-01-04T15:32:38.3630537Z 374c90eded7d: Pull complete
Quality - Super Linter (Markdown)	Pull ghcr.io/super-linter/super-linter:v6.4.1	2026-01-04T15:32:38.5794135Z 9f14c34bef3a: Pull complete
Quality - Super Linter (Markdown)	Pull ghcr.io/super-linter/super-linter:v6.4.1	2026-01-04T15:32:38.6129403Z bcf688e1a2de: Pull complete
Quality - Super Linter (Markdown)	Pull ghcr.io/super-linter/super-linter:v6.4.1	2026-01-04T15:32:38.6706323Z 3c78162e3ea5: Pull complete
Quality - Super Linter (Markdown)	Pull ghcr.io/super-linter/super-linter:v6.4.1	2026-01-04T15:32:38.8604564Z 1b5c3516c6b5: Pull complete
Quality - Super Linter (Markdown)	Pull ghcr.io/super-linter/super-linter:v6.4.1	2026-01-04T15:32:42.8830297Z 901bdb4d8ee1: Pull complete
Quality - Super Linter (Markdown)	Pull ghcr.io/super-linter/super-linter:v6.4.1	2026-01-04T15:32:42.9454452Z 4f4fb700ef54: Pull complete
Quality - Super Linter (Markdown)	Pull ghcr.io/super-linter/super-linter:v6.4.1	2026-01-04T15:32:42.9780716Z 980b4d023b15: Pull complete
Quality - Super Linter (Markdown)	Pull ghcr.io/super-linter/super-linter:v6.4.1	2026-01-04T15:33:00.2937923Z 9d9e8e00092a: Pull complete
Quality - Super Linter (Markdown)	Pull ghcr.io/super-linter/super-linter:v6.4.1	2026-01-04T15:33:00.6991123Z 7a78336c0715: Pull complete
Quality - Super Linter (Markdown)	Pull ghcr.io/super-linter/super-linter:v6.4.1	2026-01-04T15:33:00.7104272Z 6d27c7effc4b: Pull complete
Quality - Super Linter (Markdown)	Pull ghcr.io/super-linter/super-linter:v6.4.1	2026-01-04T15:33:00.7191315Z d5d683fa4161: Pull complete
Quality - Super Linter (Markdown)	Pull ghcr.io/super-linter/super-linter:v6.4.1	2026-01-04T15:33:07.4422506Z f4d40346dcbb: Pull complete
Quality - Super Linter (Markdown)	Pull ghcr.io/super-linter/super-linter:v6.4.1	2026-01-04T15:33:07.4533064Z 41179176e736: Pull complete
Quality - Super Linter (Markdown)	Pull ghcr.io/super-linter/super-linter:v6.4.1	2026-01-04T15:33:07.4943373Z 841e9e46dabd: Pull complete
Quality - Super Linter (Markdown)	Pull ghcr.io/super-linter/super-linter:v6.4.1	2026-01-04T15:33:12.5456718Z d08d65541dde: Pull complete
Quality - Super Linter (Markdown)	Pull ghcr.io/super-linter/super-linter:v6.4.1	2026-01-04T15:33:12.5606183Z 908cd7cecb04: Pull complete
Quality - Super Linter (Markdown)	Pull ghcr.io/super-linter/super-linter:v6.4.1	2026-01-04T15:33:12.5715164Z 8e1f49b23c0b: Pull complete
Quality - Super Linter (Markdown)	Pull ghcr.io/super-linter/super-linter:v6.4.1	2026-01-04T15:33:13.6918024Z 2374de6e6570: Pull complete
Quality - Super Linter (Markdown)	Pull ghcr.io/super-linter/super-linter:v6.4.1	2026-01-04T15:33:15.1805463Z 11703cbf44f8: Pull complete
Quality - Super Linter (Markdown)	Pull ghcr.io/super-linter/super-linter:v6.4.1	2026-01-04T15:33:15.1909488Z c66419e12643: Pull complete
Quality - Super Linter (Markdown)	Pull ghcr.io/super-linter/super-linter:v6.4.1	2026-01-04T15:33:15.2638809Z a2b6087d28a5: Pull complete
Quality - Super Linter (Markdown)	Pull ghcr.io/super-linter/super-linter:v6.4.1	2026-01-04T15:33:15.2723595Z 86c9b7cac15b: Pull complete
Quality - Super Linter (Markdown)	Pull ghcr.io/super-linter/super-linter:v6.4.1	2026-01-04T15:33:15.3911509Z 358bf6b52a02: Pull complete
Quality - Super Linter (Markdown)	Pull ghcr.io/super-linter/super-linter:v6.4.1	2026-01-04T15:33:15.4125689Z fa854c08e02f: Pull complete
Quality - Super Linter (Markdown)	Pull ghcr.io/super-linter/super-linter:v6.4.1	2026-01-04T15:33:15.4244499Z 29e5620dfc11: Pull complete
Quality - Super Linter (Markdown)	Pull ghcr.io/super-linter/super-linter:v6.4.1	2026-01-04T15:33:15.4286152Z Digest: sha256:fd4e18c766c43f2d39ce9b33173f601c5549fa8bd72f68e5a06007a7f4caf930
Quality - Super Linter (Markdown)	Pull ghcr.io/super-linter/super-linter:v6.4.1	2026-01-04T15:33:15.4296639Z Status: Downloaded newer image for ghcr.io/super-linter/super-linter:v6.4.1
Quality - Super Linter (Markdown)	Pull ghcr.io/super-linter/super-linter:v6.4.1	2026-01-04T15:33:15.4309830Z ghcr.io/super-linter/super-linter:v6.4.1
Quality - Super Linter (Markdown)	Pull ghcr.io/super-linter/super-linter:v6.4.1	2026-01-04T15:33:15.4331645Z ##[endgroup]
Quality - Super Linter (Markdown)	Checkout repo	﻿2026-01-04T15:33:15.4681964Z ##[group]Run actions/checkout@v4
Quality - Super Linter (Markdown)	Checkout repo	2026-01-04T15:33:15.4682706Z with:
Quality - Super Linter (Markdown)	Checkout repo	2026-01-04T15:33:15.4682906Z   fetch-depth: 0
Quality - Super Linter (Markdown)	Checkout repo	2026-01-04T15:33:15.4683146Z   repository: mikeybeezy/goldenpath-idp-infra
Quality - Super Linter (Markdown)	Checkout repo	2026-01-04T15:33:15.4683594Z   token: ***
Quality - Super Linter (Markdown)	Checkout repo	2026-01-04T15:33:15.4683793Z   ssh-strict: true
Quality - Super Linter (Markdown)	Checkout repo	2026-01-04T15:33:15.4683987Z   ssh-user: git
Quality - Super Linter (Markdown)	Checkout repo	2026-01-04T15:33:15.4684186Z   persist-credentials: true
Quality - Super Linter (Markdown)	Checkout repo	2026-01-04T15:33:15.4684410Z   clean: true
Quality - Super Linter (Markdown)	Checkout repo	2026-01-04T15:33:15.4684611Z   sparse-checkout-cone-mode: true
Quality - Super Linter (Markdown)	Checkout repo	2026-01-04T15:33:15.4684854Z   fetch-tags: false
Quality - Super Linter (Markdown)	Checkout repo	2026-01-04T15:33:15.4685040Z   show-progress: true
Quality - Super Linter (Markdown)	Checkout repo	2026-01-04T15:33:15.4685237Z   lfs: false
Quality - Super Linter (Markdown)	Checkout repo	2026-01-04T15:33:15.4685405Z   submodules: false
Quality - Super Linter (Markdown)	Checkout repo	2026-01-04T15:33:15.4685609Z   set-safe-directory: true
Quality - Super Linter (Markdown)	Checkout repo	2026-01-04T15:33:15.4686025Z ##[endgroup]
Quality - Super Linter (Markdown)	Checkout repo	2026-01-04T15:33:15.5771674Z Syncing repository: mikeybeezy/goldenpath-idp-infra
Quality - Super Linter (Markdown)	Checkout repo	2026-01-04T15:33:15.5773270Z ##[group]Getting Git version info
Quality - Super Linter (Markdown)	Checkout repo	2026-01-04T15:33:15.5773752Z Working directory is '/home/runner/work/goldenpath-idp-infra/goldenpath-idp-infra'
Quality - Super Linter (Markdown)	Checkout repo	2026-01-04T15:33:15.5774419Z [command]/usr/bin/git version
Quality - Super Linter (Markdown)	Checkout repo	2026-01-04T15:33:15.5840336Z git version 2.52.0
Quality - Super Linter (Markdown)	Checkout repo	2026-01-04T15:33:15.5866160Z ##[endgroup]
Quality - Super Linter (Markdown)	Checkout repo	2026-01-04T15:33:15.5879662Z Temporarily overriding HOME='/home/runner/work/_temp/ee1decce-5d1b-47b8-9aa4-91160de8b9e5' before making global git config changes
Quality - Super Linter (Markdown)	Checkout repo	2026-01-04T15:33:15.5880844Z Adding repository directory to the temporary git global config as a safe directory
Quality - Super Linter (Markdown)	Checkout repo	2026-01-04T15:33:15.5885521Z [command]/usr/bin/git config --global --add safe.directory /home/runner/work/goldenpath-idp-infra/goldenpath-idp-infra
Quality - Super Linter (Markdown)	Checkout repo	2026-01-04T15:33:15.5927918Z Deleting the contents of '/home/runner/work/goldenpath-idp-infra/goldenpath-idp-infra'
Quality - Super Linter (Markdown)	Checkout repo	2026-01-04T15:33:15.5931325Z ##[group]Initializing the repository
Quality - Super Linter (Markdown)	Checkout repo	2026-01-04T15:33:15.5935576Z [command]/usr/bin/git init /home/runner/work/goldenpath-idp-infra/goldenpath-idp-infra
Quality - Super Linter (Markdown)	Checkout repo	2026-01-04T15:33:15.6035301Z hint: Using 'master' as the name for the initial branch. This default branch name
Quality - Super Linter (Markdown)	Checkout repo	2026-01-04T15:33:15.6036106Z hint: will change to "main" in Git 3.0. To configure the initial branch name
Quality - Super Linter (Markdown)	Checkout repo	2026-01-04T15:33:15.6036669Z hint: to use in all of your new repositories, which will suppress this warning,
Quality - Super Linter (Markdown)	Checkout repo	2026-01-04T15:33:15.6037225Z hint: call:
Quality - Super Linter (Markdown)	Checkout repo	2026-01-04T15:33:15.6037389Z hint:
Quality - Super Linter (Markdown)	Checkout repo	2026-01-04T15:33:15.6037636Z hint: 	git config --global init.defaultBranch <name>
Quality - Super Linter (Markdown)	Checkout repo	2026-01-04T15:33:15.6037911Z hint:
Quality - Super Linter (Markdown)	Checkout repo	2026-01-04T15:33:15.6038167Z hint: Names commonly chosen instead of 'master' are 'main', 'trunk' and
Quality - Super Linter (Markdown)	Checkout repo	2026-01-04T15:33:15.6038627Z hint: 'development'. The just-created branch can be renamed via this command:
Quality - Super Linter (Markdown)	Checkout repo	2026-01-04T15:33:15.6039151Z hint:
Quality - Super Linter (Markdown)	Checkout repo	2026-01-04T15:33:15.6039442Z hint: 	git branch -m <name>
Quality - Super Linter (Markdown)	Checkout repo	2026-01-04T15:33:15.6039773Z hint:
Quality - Super Linter (Markdown)	Checkout repo	2026-01-04T15:33:15.6040218Z hint: Disable this message with "git config set advice.defaultBranchName false"
Quality - Super Linter (Markdown)	Checkout repo	2026-01-04T15:33:15.6040804Z Initialized empty Git repository in /home/runner/work/goldenpath-idp-infra/goldenpath-idp-infra/.git/
Quality - Super Linter (Markdown)	Checkout repo	2026-01-04T15:33:15.6050956Z [command]/usr/bin/git remote add origin https://github.com/mikeybeezy/goldenpath-idp-infra
Quality - Super Linter (Markdown)	Checkout repo	2026-01-04T15:33:15.6083353Z ##[endgroup]
Quality - Super Linter (Markdown)	Checkout repo	2026-01-04T15:33:15.6083964Z ##[group]Disabling automatic garbage collection
Quality - Super Linter (Markdown)	Checkout repo	2026-01-04T15:33:15.6088289Z [command]/usr/bin/git config --local gc.auto 0
Quality - Super Linter (Markdown)	Checkout repo	2026-01-04T15:33:15.6115974Z ##[endgroup]
Quality - Super Linter (Markdown)	Checkout repo	2026-01-04T15:33:15.6116557Z ##[group]Setting up auth
Quality - Super Linter (Markdown)	Checkout repo	2026-01-04T15:33:15.6123645Z [command]/usr/bin/git config --local --name-only --get-regexp core\.sshCommand
Quality - Super Linter (Markdown)	Checkout repo	2026-01-04T15:33:15.6152981Z [command]/usr/bin/git submodule foreach --recursive sh -c "git config --local --name-only --get-regexp 'core\.sshCommand' && git config --local --unset-all 'core.sshCommand' || :"
Quality - Super Linter (Markdown)	Checkout repo	2026-01-04T15:33:15.6462087Z [command]/usr/bin/git config --local --name-only --get-regexp http\.https\:\/\/github\.com\/\.extraheader
Quality - Super Linter (Markdown)	Checkout repo	2026-01-04T15:33:15.6490327Z [command]/usr/bin/git submodule foreach --recursive sh -c "git config --local --name-only --get-regexp 'http\.https\:\/\/github\.com\/\.extraheader' && git config --local --unset-all 'http.https://github.com/.extraheader' || :"
Quality - Super Linter (Markdown)	Checkout repo	2026-01-04T15:33:15.6706100Z [command]/usr/bin/git config --local --name-only --get-regexp ^includeIf\.gitdir:
Quality - Super Linter (Markdown)	Checkout repo	2026-01-04T15:33:15.6735709Z [command]/usr/bin/git submodule foreach --recursive git config --local --show-origin --name-only --get-regexp remote.origin.url
Quality - Super Linter (Markdown)	Checkout repo	2026-01-04T15:33:15.6954357Z [command]/usr/bin/git config --local http.https://github.com/.extraheader AUTHORIZATION: basic ***
Quality - Super Linter (Markdown)	Checkout repo	2026-01-04T15:33:15.6986328Z ##[endgroup]
Quality - Super Linter (Markdown)	Checkout repo	2026-01-04T15:33:15.6986962Z ##[group]Fetching the repository
Quality - Super Linter (Markdown)	Checkout repo	2026-01-04T15:33:15.6995987Z [command]/usr/bin/git -c protocol.version=2 fetch --prune --no-recurse-submodules origin +refs/heads/*:refs/remotes/origin/* +refs/tags/*:refs/tags/* +26d4cf94b76a1d808460e266474c05ce5b5b3dac:refs/remotes/pull/145/merge
Quality - Super Linter (Markdown)	Checkout repo	2026-01-04T15:33:16.5694145Z From https://github.com/mikeybeezy/goldenpath-idp-infra
Quality - Super Linter (Markdown)	Checkout repo	2026-01-04T15:33:16.5695326Z  * [new branch]      backup/dev-branch-apply-workflow-20260103-134940 -> origin/backup/dev-branch-apply-workflow-20260103-134940
Quality - Super Linter (Markdown)	Checkout repo	2026-01-04T15:33:16.5696594Z  * [new branch]      backup/development-20260103-134940       -> origin/backup/development-20260103-134940
Quality - Super Linter (Markdown)	Checkout repo	2026-01-04T15:33:16.5697867Z  * [new branch]      backup/feature/docs-run-log-update-20260103-134940 -> origin/backup/feature/docs-run-log-update-20260103-134940
Quality - Super Linter (Markdown)	Checkout repo	2026-01-04T15:33:16.5699352Z  * [new branch]      backup/feature/infracost-ci-visibility-20260103-134940 -> origin/backup/feature/infracost-ci-visibility-20260103-134940
Quality - Super Linter (Markdown)	Checkout repo	2026-01-04T15:33:16.5700898Z  * [new branch]      backup/feature/repo-scaffolder-governance-20260103-134940 -> origin/backup/feature/repo-scaffolder-governance-20260103-134940
Quality - Super Linter (Markdown)	Checkout repo	2026-01-04T15:33:16.5702233Z  * [new branch]      backup/feature/teardown-log-automation-20260103-134940 -> origin/backup/feature/teardown-log-automation-20260103-134940
Quality - Super Linter (Markdown)	Checkout repo	2026-01-04T15:33:16.5703388Z  * [new branch]      backup/feature/terraform-bootstrap-20260103-134940 -> origin/backup/feature/terraform-bootstrap-20260103-134940
Quality - Super Linter (Markdown)	Checkout repo	2026-01-04T15:33:16.5704055Z  * [new branch]      backup/main-20260103-134940              -> origin/backup/main-20260103-134940
Quality - Super Linter (Markdown)	Checkout repo	2026-01-04T15:33:16.5704703Z  * [new branch]      backup/principles-frameworks-hub-20260103-134940 -> origin/backup/principles-frameworks-hub-20260103-134940
Quality - Super Linter (Markdown)	Checkout repo	2026-01-04T15:33:16.5705642Z  * [new branch]      backup/restrict-ci-branches-20260103-134940 -> origin/backup/restrict-ci-branches-20260103-134940
Quality - Super Linter (Markdown)	Checkout repo	2026-01-04T15:33:16.5706187Z  * [new branch]      build-run-logs                           -> origin/build-run-logs
Quality - Super Linter (Markdown)	Checkout repo	2026-01-04T15:33:16.5706599Z  * [new branch]      build/03-01-26-02                        -> origin/build/03-01-26-02
Quality - Super Linter (Markdown)	Checkout repo	2026-01-04T15:33:16.5707025Z  * [new branch]      chore/ai-changelog                       -> origin/chore/ai-changelog
Quality - Super Linter (Markdown)	Checkout repo	2026-01-04T15:33:16.5707523Z  * [new branch]      chore/metadata-backfill-batch-1          -> origin/chore/metadata-backfill-batch-1
Quality - Super Linter (Markdown)	Checkout repo	2026-01-04T15:33:16.5708038Z  * [new branch]      chore/refresh-readme                     -> origin/chore/refresh-readme
Quality - Super Linter (Markdown)	Checkout repo	2026-01-04T15:33:16.5708519Z  * [new branch]      dev-branch-apply-workflow                -> origin/dev-branch-apply-workflow
Quality - Super Linter (Markdown)	Checkout repo	2026-01-04T15:33:16.5708993Z  * [new branch]      development                              -> origin/development
Quality - Super Linter (Markdown)	Checkout repo	2026-01-04T15:33:16.5709453Z  * [new branch]      docs/argocd-app-readiness                -> origin/docs/argocd-app-readiness
Quality - Super Linter (Markdown)	Checkout repo	2026-01-04T15:33:16.5709953Z  * [new branch]      feature/docs-run-log-update              -> origin/feature/docs-run-log-update
Quality - Super Linter (Markdown)	Checkout repo	2026-01-04T15:33:16.5710458Z  * [new branch]      feature/graph-rag-strategy               -> origin/feature/graph-rag-strategy
Quality - Super Linter (Markdown)	Checkout repo	2026-01-04T15:33:16.5710951Z  * [new branch]      feature/metadata-schema                  -> origin/feature/metadata-schema
Quality - Super Linter (Markdown)	Checkout repo	2026-01-04T15:33:16.5711483Z  * [new branch]      feature/repo-scaffolder-governance       -> origin/feature/repo-scaffolder-governance
Quality - Super Linter (Markdown)	Checkout repo	2026-01-04T15:33:16.5712055Z  * [new branch]      feature/teardown-log-automation          -> origin/feature/teardown-log-automation
Quality - Super Linter (Markdown)	Checkout repo	2026-01-04T15:33:16.5712683Z  * [new branch]      main                                     -> origin/main
Quality - Super Linter (Markdown)	Checkout repo	2026-01-04T15:33:16.5713276Z  * [new branch]      principles-frameworks-hub                -> origin/principles-frameworks-hub
Quality - Super Linter (Markdown)	Checkout repo	2026-01-04T15:33:16.5713834Z  * [new branch]      stash/adr-cl-alignment-20260103-134940   -> origin/stash/adr-cl-alignment-20260103-134940
Quality - Super Linter (Markdown)	Checkout repo	2026-01-04T15:33:16.5714520Z  * [new branch]      stash/pr-template-instruction-20260103-134940 -> origin/stash/pr-template-instruction-20260103-134940
Quality - Super Linter (Markdown)	Checkout repo	2026-01-04T15:33:16.5715220Z  * [new branch]      stash/pre-align-dev-main-20260103-134940 -> origin/stash/pre-align-dev-main-20260103-134940
Quality - Super Linter (Markdown)	Checkout repo	2026-01-04T15:33:16.5716097Z  * [new branch]      stash/workflow-fixes-20260103-134940     -> origin/stash/workflow-fixes-20260103-134940
Quality - Super Linter (Markdown)	Checkout repo	2026-01-04T15:33:16.5716610Z  * [new ref]         26d4cf94b76a1d808460e266474c05ce5b5b3dac -> pull/145/merge
Quality - Super Linter (Markdown)	Checkout repo	2026-01-04T15:33:16.5796289Z ##[endgroup]
Quality - Super Linter (Markdown)	Checkout repo	2026-01-04T15:33:16.5796880Z ##[group]Determining the checkout info
Quality - Super Linter (Markdown)	Checkout repo	2026-01-04T15:33:16.5797633Z ##[endgroup]
Quality - Super Linter (Markdown)	Checkout repo	2026-01-04T15:33:16.5803749Z [command]/usr/bin/git sparse-checkout disable
Quality - Super Linter (Markdown)	Checkout repo	2026-01-04T15:33:16.5844544Z [command]/usr/bin/git config --local --unset-all extensions.worktreeConfig
Quality - Super Linter (Markdown)	Checkout repo	2026-01-04T15:33:16.5870812Z ##[group]Checking out the ref
Quality - Super Linter (Markdown)	Checkout repo	2026-01-04T15:33:16.5875268Z [command]/usr/bin/git checkout --progress --force refs/remotes/pull/145/merge
Quality - Super Linter (Markdown)	Checkout repo	2026-01-04T15:33:16.6248702Z Note: switching to 'refs/remotes/pull/145/merge'.
Quality - Super Linter (Markdown)	Checkout repo	2026-01-04T15:33:16.6249102Z
Quality - Super Linter (Markdown)	Checkout repo	2026-01-04T15:33:16.6249337Z You are in 'detached HEAD' state. You can look around, make experimental
Quality - Super Linter (Markdown)	Checkout repo	2026-01-04T15:33:16.6249807Z changes and commit them, and you can discard any commits you make in this
Quality - Super Linter (Markdown)	Checkout repo	2026-01-04T15:33:16.6250226Z state without impacting any branches by switching back to a branch.
Quality - Super Linter (Markdown)	Checkout repo	2026-01-04T15:33:16.6250473Z
Quality - Super Linter (Markdown)	Checkout repo	2026-01-04T15:33:16.6250637Z If you want to create a new branch to retain commits you create, you may
Quality - Super Linter (Markdown)	Checkout repo	2026-01-04T15:33:16.6251032Z do so (now or later) by using -c with the switch command. Example:
Quality - Super Linter (Markdown)	Checkout repo	2026-01-04T15:33:16.6251258Z
Quality - Super Linter (Markdown)	Checkout repo	2026-01-04T15:33:16.6251368Z   git switch -c <new-branch-name>
Quality - Super Linter (Markdown)	Checkout repo	2026-01-04T15:33:16.6251529Z
Quality - Super Linter (Markdown)	Checkout repo	2026-01-04T15:33:16.6251616Z Or undo this operation with:
Quality - Super Linter (Markdown)	Checkout repo	2026-01-04T15:33:16.6251961Z
Quality - Super Linter (Markdown)	Checkout repo	2026-01-04T15:33:16.6252041Z   git switch -
Quality - Super Linter (Markdown)	Checkout repo	2026-01-04T15:33:16.6252147Z
Quality - Super Linter (Markdown)	Checkout repo	2026-01-04T15:33:16.6252536Z Turn off this advice by setting config variable advice.detachedHead to false
Quality - Super Linter (Markdown)	Checkout repo	2026-01-04T15:33:16.6252875Z
Quality - Super Linter (Markdown)	Checkout repo	2026-01-04T15:33:16.6253190Z HEAD is now at 26d4cf9 Merge fb9538a514915f655a303b593421693ba66a65ec into 2a40c449bd280551bf430720a42043ada0b5c756
Quality - Super Linter (Markdown)	Checkout repo	2026-01-04T15:33:16.6259304Z ##[endgroup]
Quality - Super Linter (Markdown)	Checkout repo	2026-01-04T15:33:16.6296463Z [command]/usr/bin/git log -1 --format=%H
Quality - Super Linter (Markdown)	Checkout repo	2026-01-04T15:33:16.6319890Z 26d4cf94b76a1d808460e266474c05ce5b5b3dac
Quality - Super Linter (Markdown)	Super Linter	﻿2026-01-04T15:33:16.6492295Z ##[group]Run github/super-linter@v6
Quality - Super Linter (Markdown)	Super Linter	2026-01-04T15:33:16.6492812Z env:
Quality - Super Linter (Markdown)	Super Linter	2026-01-04T15:33:16.6493197Z   GITHUB_TOKEN: ***
Quality - Super Linter (Markdown)	Super Linter	2026-01-04T15:33:16.6493389Z   DEFAULT_BRANCH: main
Quality - Super Linter (Markdown)	Super Linter	2026-01-04T15:33:16.6493580Z   VALIDATE_ALL_CODEBASE: false
Quality - Super Linter (Markdown)	Super Linter	2026-01-04T15:33:16.6493796Z   VALIDATE_MARKDOWN: true
Quality - Super Linter (Markdown)	Super Linter	2026-01-04T15:33:16.6493979Z ##[endgroup]
Quality - Super Linter (Markdown)	Super Linter	2026-01-04T15:33:16.6582773Z ##[command]/usr/bin/docker run --name ghcriosuperlintersuperlinterv641_6c8eca --label e5a71c --workdir /github/workspace --rm -e "GITHUB_TOKEN" -e "DEFAULT_BRANCH" -e "VALIDATE_ALL_CODEBASE" -e "VALIDATE_MARKDOWN" -e "HOME" -e "GITHUB_JOB" -e "GITHUB_REF" -e "GITHUB_SHA" -e "GITHUB_REPOSITORY" -e "GITHUB_REPOSITORY_OWNER" -e "GITHUB_REPOSITORY_OWNER_ID" -e "GITHUB_RUN_ID" -e "GITHUB_RUN_NUMBER" -e "GITHUB_RETENTION_DAYS" -e "GITHUB_RUN_ATTEMPT" -e "GITHUB_ACTOR_ID" -e "GITHUB_ACTOR" -e "GITHUB_WORKFLOW" -e "GITHUB_HEAD_REF" -e "GITHUB_BASE_REF" -e "GITHUB_EVENT_NAME" -e "GITHUB_SERVER_URL" -e "GITHUB_API_URL" -e "GITHUB_GRAPHQL_URL" -e "GITHUB_REF_NAME" -e "GITHUB_REF_PROTECTED" -e "GITHUB_REF_TYPE" -e "GITHUB_WORKFLOW_REF" -e "GITHUB_WORKFLOW_SHA" -e "GITHUB_REPOSITORY_ID" -e "GITHUB_TRIGGERING_ACTOR" -e "GITHUB_WORKSPACE" -e "GITHUB_ACTION" -e "GITHUB_EVENT_PATH" -e "GITHUB_ACTION_REPOSITORY" -e "GITHUB_ACTION_REF" -e "GITHUB_PATH" -e "GITHUB_ENV" -e "GITHUB_STEP_SUMMARY" -e "GITHUB_STATE" -e "GITHUB_OUTPUT" -e "RUNNER_OS" -e "RUNNER_ARCH" -e "RUNNER_NAME" -e "RUNNER_ENVIRONMENT" -e "RUNNER_TOOL_CACHE" -e "RUNNER_TEMP" -e "RUNNER_WORKSPACE" -e "ACTIONS_RUNTIME_URL" -e "ACTIONS_RUNTIME_TOKEN" -e "ACTIONS_CACHE_URL" -e "ACTIONS_RESULTS_URL" -e GITHUB_ACTIONS=true -e CI=true -v "/var/run/docker.sock":"/var/run/docker.sock" -v "/home/runner/work/_temp":"/github/runner_temp" -v "/home/runner/work/_temp/_github_home":"/github/home" -v "/home/runner/work/_temp/_github_workflow":"/github/workflow" -v "/home/runner/work/_temp/_runner_file_commands":"/github/file_commands" -v "/home/runner/work/goldenpath-idp-infra/goldenpath-idp-infra":"/github/workspace" ghcr.io/super-linter/super-linter:v6.4.1
Quality - Super Linter (Markdown)	Super Linter	2026-01-04T15:33:16.8593071Z ##[group]Super-Linter initialization
Quality - Super Linter (Markdown)	Super Linter	2026-01-04T15:33:17.1666581Z 2026-01-04 15:33:17 [INFO]   --------------------------------------------------------------------------------
Quality - Super Linter (Markdown)	Super Linter	2026-01-04T15:33:17.1667132Z
Quality - Super Linter (Markdown)	Super Linter	2026-01-04T15:33:17.1667286Z                               /@@#///////@@/(@//@%/(@.@(       @@
Quality - Super Linter (Markdown)	Super Linter	2026-01-04T15:33:17.1667724Z                           @@//////////////////////////////#*  @@@
Quality - Super Linter (Markdown)	Super Linter	2026-01-04T15:33:17.1668173Z                         @////@//(///////////@@@@@///@//@/@**//@@(
Quality - Super Linter (Markdown)	Super Linter	2026-01-04T15:33:17.1668596Z                       @///////@///////////////@@@@    (           @,
Quality - Super Linter (Markdown)	Super Linter	2026-01-04T15:33:17.1669024Z                      @/(&/@////////////////////                     @
Quality - Super Linter (Markdown)	Super Linter	2026-01-04T15:33:17.1669452Z                     @////////////////////////@@                      @
Quality - Super Linter (Markdown)	Super Linter	2026-01-04T15:33:17.1669948Z                   @%////////(//////////%/////&@            @@       *,@           ______________
Quality - Super Linter (Markdown)	Super Linter	2026-01-04T15:33:17.1670468Z              @@@@@/@/#/////(&//////////////////                       .@         /              \
Quality - Super Linter (Markdown)	Super Linter	2026-01-04T15:33:17.1671020Z         *@@@@@.    .%///(//@//////////////////&.   .@@,                 @%      / Don't mind me  \
Quality - Super Linter (Markdown)	Super Linter	2026-01-04T15:33:17.1671570Z       @@%           .&@&&/@.@//&/////(//////////    @@@@@@@@@         .. &@    / I'm just looking \
Quality - Super Linter (Markdown)	Super Linter	2026-01-04T15:33:17.1672106Z     @@%               @@@@@   @&/////////////////#   @/       V  @@/ ,@@@ @   <  for some trash... |
Quality - Super Linter (Markdown)	Super Linter	2026-01-04T15:33:17.1673013Z @@@%                   @@@@        .%@@@@//////#@ @   @@         @     .,.     \__________________/
Quality - Super Linter (Markdown)	Super Linter	2026-01-04T15:33:17.1673298Z                                           @@@/@(  (@@@@% @/\      %
Quality - Super Linter (Markdown)	Super Linter	2026-01-04T15:33:17.1673547Z                                            @@@@(    .     .@@/\   #
Quality - Super Linter (Markdown)	Super Linter	2026-01-04T15:33:17.1673778Z                                              @                  %@%
Quality - Super Linter (Markdown)	Super Linter	2026-01-04T15:33:17.1673932Z
Quality - Super Linter (Markdown)	Super Linter	2026-01-04T15:33:17.1674082Z --------------------------------------------------------------------------------
Quality - Super Linter (Markdown)	Super Linter	2026-01-04T15:33:17.1696126Z 2026-01-04 15:33:17 [INFO]   ---------------------------------------------
Quality - Super Linter (Markdown)	Super Linter	2026-01-04T15:33:17.1724583Z 2026-01-04 15:33:17 [INFO]   --- GitHub Actions Multi Language Linter ----
Quality - Super Linter (Markdown)	Super Linter	2026-01-04T15:33:17.1753757Z 2026-01-04 15:33:17 [INFO]    - Image Creation Date: 2024-04-22T11:35:45Z
Quality - Super Linter (Markdown)	Super Linter	2026-01-04T15:33:17.1782483Z 2026-01-04 15:33:17 [INFO]    - Image Revision: 4758be622215d0954c8353ee4877ffd60111cf8e
Quality - Super Linter (Markdown)	Super Linter	2026-01-04T15:33:17.1811764Z 2026-01-04 15:33:17 [INFO]    - Image Version: 4758be622215d0954c8353ee4877ffd60111cf8e
Quality - Super Linter (Markdown)	Super Linter	2026-01-04T15:33:17.1841979Z 2026-01-04 15:33:17 [INFO]   ---------------------------------------------
Quality - Super Linter (Markdown)	Super Linter	2026-01-04T15:33:17.1870376Z 2026-01-04 15:33:17 [INFO]   ---------------------------------------------
Quality - Super Linter (Markdown)	Super Linter	2026-01-04T15:33:17.1899540Z 2026-01-04 15:33:17 [INFO]   The Super-Linter source code can be found at:
Quality - Super Linter (Markdown)	Super Linter	2026-01-04T15:33:17.1928706Z 2026-01-04 15:33:17 [INFO]    - https://github.com/super-linter/super-linter
Quality - Super Linter (Markdown)	Super Linter	2026-01-04T15:33:17.1958153Z 2026-01-04 15:33:17 [INFO]   ---------------------------------------------
Quality - Super Linter (Markdown)	Super Linter	2026-01-04T15:33:17.1986837Z 2026-01-04 15:33:17 [INFO]   - Validating changed files in code base...
Quality - Super Linter (Markdown)	Super Linter	2026-01-04T15:33:17.2048169Z 2026-01-04 15:33:17 [INFO]   chktex: chktex: WARNING -- Could not find global resource file.
Quality - Super Linter (Markdown)	Super Linter	2026-01-04T15:33:17.2048988Z ChkTeX v1.7.8 - Copyright 1995-96 Jens T. Berger Thielemann.
Quality - Super Linter (Markdown)	Super Linter	2026-01-04T15:33:17.2049594Z Compiled with POSIX extended regex support.
Quality - Super Linter (Markdown)	Super Linter	2026-01-04T15:33:17.2050039Z rubocop: 1.62.1
Quality - Super Linter (Markdown)	Super Linter	2026-01-04T15:33:17.2050316Z perl:
Quality - Super Linter (Markdown)	Super Linter	2026-01-04T15:33:17.2050807Z This is perl 5, version 38, subversion 2 (v5.38.2) built for x86_64-linux-thread-multi
Quality - Super Linter (Markdown)	Super Linter	2026-01-04T15:33:17.2051304Z
Quality - Super Linter (Markdown)	Super Linter	2026-01-04T15:33:17.2051441Z Copyright 1987-2023, Larry Wall
Quality - Super Linter (Markdown)	Super Linter	2026-01-04T15:33:17.2051689Z
Quality - Super Linter (Markdown)	Super Linter	2026-01-04T15:33:17.2051936Z Perl may be copied only under the terms of either the Artistic License or the
Quality - Super Linter (Markdown)	Super Linter	2026-01-04T15:33:17.2052870Z GNU General Public License, which may be found in the Perl 5 source kit.
Quality - Super Linter (Markdown)	Super Linter	2026-01-04T15:33:17.2053329Z
Quality - Super Linter (Markdown)	Super Linter	2026-01-04T15:33:17.2053651Z Complete documentation for Perl, including FAQ lists, should be found on
Quality - Super Linter (Markdown)	Super Linter	2026-01-04T15:33:17.2054429Z this system using "man perl" or "perldoc perl".  If you have access to the
Quality - Super Linter (Markdown)	Super Linter	2026-01-04T15:33:17.2055185Z Internet, point your browser at https://www.perl.org/, the Perl Home Page.
Quality - Super Linter (Markdown)	Super Linter	2026-01-04T15:33:17.2055818Z xmllint: xmllint: using libxml version 21107
Quality - Super Linter (Markdown)	Super Linter	2026-01-04T15:33:17.2057164Z    compiled with: Threads Tree Output Push Reader Patterns Writer SAXv1 HTTP DTDValid HTML C14N Catalog XPath XPointer XInclude Iconv ISO8859X Unicode Regexps Automata Schemas Schematron Modules Debug Zlib Lzma
Quality - Super Linter (Markdown)	Super Linter	2026-01-04T15:33:17.2058500Z ansible-lint: ansible-lint 24.2.2 using ansible-core:2.16.6 ansible-compat:4.1.11 ruamel-yaml:0.18.6 ruamel-yaml-clib:0.2.8
Quality - Super Linter (Markdown)	Super Linter	2026-01-04T15:33:17.2058957Z eslint: v8.57.0
Quality - Super Linter (Markdown)	Super Linter	2026-01-04T15:33:17.2059129Z markdownlint: 0.39.0
Quality - Super Linter (Markdown)	Super Linter	2026-01-04T15:33:17.2059328Z snakefmt: snakefmt, version 0.10.1
Quality - Super Linter (Markdown)	Super Linter	2026-01-04T15:33:17.2059627Z cpplint: Cpplint fork (https://github.com/cpplint/cpplint)
Quality - Super Linter (Markdown)	Super Linter	2026-01-04T15:33:17.2059923Z cpplint 1.6.1
Quality - Super Linter (Markdown)	Super Linter	2026-01-04T15:33:17.2060156Z Python 3.12.3 (main, Apr 10 2024, 04:12:22) [GCC 13.2.1 20231014]
Quality - Super Linter (Markdown)	Super Linter	2026-01-04T15:33:17.2060449Z editorconfig-checker: 2.7.2
Quality - Super Linter (Markdown)	Super Linter	2026-01-04T15:33:17.2060647Z gitleaks: v8.18.2
Quality - Super Linter (Markdown)	Super Linter	2026-01-04T15:33:17.2060873Z phpstan: PHPStan - PHP Static Analysis Tool 1.10.48
Quality - Super Linter (Markdown)	Super Linter	2026-01-04T15:33:17.2061144Z dotenv-linter: dotenv-linter 3.3.0
Quality - Super Linter (Markdown)	Super Linter	2026-01-04T15:33:17.2061364Z asl-validator: 3.8.2
Quality - Super Linter (Markdown)	Super Linter	2026-01-04T15:33:17.2061541Z actionlint: 1.6.27
Quality - Super Linter (Markdown)	Super Linter	2026-01-04T15:33:17.2061933Z installed by building from source
Quality - Super Linter (Markdown)	Super Linter	2026-01-04T15:33:17.2062173Z built with go1.22.0 compiler for linux/amd64
Quality - Super Linter (Markdown)	Super Linter	2026-01-04T15:33:17.2062645Z tekton-lint: 1.0.2
Quality - Super Linter (Markdown)	Super Linter	2026-01-04T15:33:17.2062833Z terrascan: version: v1.18.11
Quality - Super Linter (Markdown)	Super Linter	2026-01-04T15:33:17.2063035Z terraform: Terraform v1.8.0
Quality - Super Linter (Markdown)	Super Linter	2026-01-04T15:33:17.2063229Z on linux_amd64
Quality - Super Linter (Markdown)	Super Linter	2026-01-04T15:33:17.2063328Z
Quality - Super Linter (Markdown)	Super Linter	2026-01-04T15:33:17.2063668Z Your version of Terraform is out of date! The latest version
Quality - Super Linter (Markdown)	Super Linter	2026-01-04T15:33:17.2064427Z is 1.8.1. You can update by downloading from https://www.terraform.io/downloads.html
Quality - Super Linter (Markdown)	Super Linter	2026-01-04T15:33:17.2065654Z 2024/04/22 09:57:34 traces export: Post "http:///dev/otel-grpc.sock": http: no Host in request URL
Quality - Super Linter (Markdown)	Super Linter	2026-01-04T15:33:17.2066613Z 2024/04/22 09:57:34 traces export: Post "http:///dev/otel-grpc.sock": http: no Host in request URL
Quality - Super Linter (Markdown)	Super Linter	2026-01-04T15:33:17.2067299Z clippy: clippy 0.1.76
Quality - Super Linter (Markdown)	Super Linter	2026-01-04T15:33:17.2067686Z R: R version 4.3.1 (2023-06-16) -- "Beagle Scouts"
Quality - Super Linter (Markdown)	Super Linter	2026-01-04T15:33:17.2068264Z Copyright (C) 2023 The R Foundation for Statistical Computing
Quality - Super Linter (Markdown)	Super Linter	2026-01-04T15:33:17.2068849Z Platform: x86_64-pc-linux-musl (64-bit)
Quality - Super Linter (Markdown)	Super Linter	2026-01-04T15:33:17.2069166Z
Quality - Super Linter (Markdown)	Super Linter	2026-01-04T15:33:17.2069396Z R is free software and comes with ABSOLUTELY NO WARRANTY.
Quality - Super Linter (Markdown)	Super Linter	2026-01-04T15:33:17.2070000Z You are welcome to redistribute it under the terms of the
Quality - Super Linter (Markdown)	Super Linter	2026-01-04T15:33:17.2070547Z GNU General Public License versions 2 or 3.
Quality - Super Linter (Markdown)	Super Linter	2026-01-04T15:33:17.2071045Z For more information about these matters see
Quality - Super Linter (Markdown)	Super Linter	2026-01-04T15:33:17.2071512Z https://www.gnu.org/licenses/.
Quality - Super Linter (Markdown)	Super Linter	2026-01-04T15:33:17.2071914Z rustfmt: rustfmt 1.7.0-stable ( )
Quality - Super Linter (Markdown)	Super Linter	2026-01-04T15:33:17.2072593Z shellcheck: ShellCheck - shell script analysis tool
Quality - Super Linter (Markdown)	Super Linter	2026-01-04T15:33:17.2073086Z version: 0.10.0
Quality - Super Linter (Markdown)	Super Linter	2026-01-04T15:33:17.2073451Z license: GNU General Public License, version 3
Quality - Super Linter (Markdown)	Super Linter	2026-01-04T15:33:17.2073831Z website: https://www.shellcheck.net
Quality - Super Linter (Markdown)	Super Linter	2026-01-04T15:33:17.2074066Z jscpd: 3.5.10
Quality - Super Linter (Markdown)	Super Linter	2026-01-04T15:33:17.2074236Z black: black, 24.4.0 (compiled: no)
Quality - Super Linter (Markdown)	Super Linter	2026-01-04T15:33:17.2074451Z Python (CPython) 3.12.3
Quality - Super Linter (Markdown)	Super Linter	2026-01-04T15:33:17.2074637Z prettier: 3.2.5
Quality - Super Linter (Markdown)	Super Linter	2026-01-04T15:33:17.2074854Z php: PHP 8.2.18 (cli) (built: Apr 11 2024 14:41:12) (NTS)
Quality - Super Linter (Markdown)	Super Linter	2026-01-04T15:33:17.2075124Z Copyright (c) The PHP Group
Quality - Super Linter (Markdown)	Super Linter	2026-01-04T15:33:17.2075369Z Zend Engine v4.2.18, Copyright (c) Zend Technologies
Quality - Super Linter (Markdown)	Super Linter	2026-01-04T15:33:17.2075618Z textlint: v14.0.4
Quality - Super Linter (Markdown)	Super Linter	2026-01-04T15:33:17.2075871Z npm-groovy-lint: GroovyLint: Successfully processed CodeNarc:
Quality - Super Linter (Markdown)	Super Linter	2026-01-04T15:33:17.2076162Z CodeNarc version 3.3.0
Quality - Super Linter (Markdown)	Super Linter	2026-01-04T15:33:17.2076361Z npm-groovy-lint version 14.4.0
Quality - Super Linter (Markdown)	Super Linter	2026-01-04T15:33:17.2076493Z
Quality - Super Linter (Markdown)	Super Linter	2026-01-04T15:33:17.2076560Z Embeds:
Quality - Super Linter (Markdown)	Super Linter	2026-01-04T15:33:17.2076713Z CodeNarc version 3.3.0
Quality - Super Linter (Markdown)	Super Linter	2026-01-04T15:33:17.2076901Z - Groovy version 3.0.9 (superlite)
Quality - Super Linter (Markdown)	Super Linter	2026-01-04T15:33:17.2077461Z renovate-config-validator: (node:219) [DEP0040] DeprecationWarning: The `punycode` module is deprecated. Please use a userland alternative instead.
Quality - Super Linter (Markdown)	Super Linter	2026-01-04T15:33:17.2078121Z (Use `node --trace-deprecation ...` to show where the warning was created)
Quality - Super Linter (Markdown)	Super Linter	2026-01-04T15:33:17.2078428Z 37.296.0
Quality - Super Linter (Markdown)	Super Linter	2026-01-04T15:33:17.2078765Z golangci-lint: golangci-lint has version 1.57.2 built with go1.22.1 from 77a8601a on 2024-03-28T19:01:11Z
Quality - Super Linter (Markdown)	Super Linter	2026-01-04T15:33:17.2079159Z ruff: ruff 0.3.7
Quality - Super Linter (Markdown)	Super Linter	2026-01-04T15:33:17.2079322Z kubeconform: v0.6.4
Quality - Super Linter (Markdown)	Super Linter	2026-01-04T15:33:17.2079661Z golangci-lint: golangci-lint has version 1.57.2 built with go1.22.1 from 77a8601a on 2024-03-28T19:01:11Z
Quality - Super Linter (Markdown)	Super Linter	2026-01-04T15:33:17.2080308Z gherkin-lint: Version command not supported
Quality - Super Linter (Markdown)	Super Linter	2026-01-04T15:33:17.2080756Z eslint: v8.57.0
Quality - Super Linter (Markdown)	Super Linter	2026-01-04T15:33:17.2081066Z scalafmt: scalafmt 3.8.1
Quality - Super Linter (Markdown)	Super Linter	2026-01-04T15:33:17.2081446Z stylelint: 15.11.0
Quality - Super Linter (Markdown)	Super Linter	2026-01-04T15:33:17.2081803Z sqlfluff: sqlfluff, version 3.0.4
Quality - Super Linter (Markdown)	Super Linter	2026-01-04T15:33:17.2082217Z bash-exec: Version command not supported
Quality - Super Linter (Markdown)	Super Linter	2026-01-04T15:33:17.2082859Z google-java-format: google-java-format: Version 1.22.0
Quality - Super Linter (Markdown)	Super Linter	2026-01-04T15:33:17.2083541Z phpcs: PHP_CodeSniffer version 3.8.0 (stable) by Squiz and PHPCSStandards
Quality - Super Linter (Markdown)	Super Linter	2026-01-04T15:33:17.2084161Z terragrunt: terragrunt version v0.57.0
Quality - Super Linter (Markdown)	Super Linter	2026-01-04T15:33:17.2084676Z psalm: Psalm 5.23.1@8471a896ccea3526b26d082f4461eeea467f10a4
Quality - Super Linter (Markdown)	Super Linter	2026-01-04T15:33:17.2085398Z pylint: pylint 3.1.0
Quality - Super Linter (Markdown)	Super Linter	2026-01-04T15:33:17.2085697Z astroid 3.1.0
Quality - Super Linter (Markdown)	Super Linter	2026-01-04T15:33:17.2086082Z Python 3.12.3 (main, Apr 10 2024, 04:12:22) [GCC 13.2.1 20231014]
Quality - Super Linter (Markdown)	Super Linter	2026-01-04T15:33:17.2086551Z shfmt: v3.8.0
Quality - Super Linter (Markdown)	Super Linter	2026-01-04T15:33:17.2086829Z snakemake: 8.10.7
Quality - Super Linter (Markdown)	Super Linter	2026-01-04T15:33:17.2087132Z arm-ttk: ModuleVersion = 0.25
Quality - Super Linter (Markdown)	Super Linter	2026-01-04T15:33:17.2087498Z pwsh: PowerShell 7.4.2
Quality - Super Linter (Markdown)	Super Linter	2026-01-04T15:33:17.2087835Z mypy: mypy 1.9.0 (compiled: yes)
Quality - Super Linter (Markdown)	Super Linter	2026-01-04T15:33:17.2088185Z eslint: v8.57.0
Quality - Super Linter (Markdown)	Super Linter	2026-01-04T15:33:17.2088469Z coffeelint: 5.2.11
Quality - Super Linter (Markdown)	Super Linter	2026-01-04T15:33:17.2088923Z tflint: TFLint version 0.50.3
Quality - Super Linter (Markdown)	Super Linter	2026-01-04T15:33:17.2089144Z + ruleset.terraform (0.5.0-bundled)
Quality - Super Linter (Markdown)	Super Linter	2026-01-04T15:33:17.2089372Z cfn-lint: cfn-lint 0.86.2
Quality - Super Linter (Markdown)	Super Linter	2026-01-04T15:33:17.2089683Z flake8: 7.0.0 (mccabe: 0.7.0, pycodestyle: 2.11.1, pyflakes: 3.2.0) CPython 3.12.3 on
Quality - Super Linter (Markdown)	Super Linter	2026-01-04T15:33:17.2090005Z Linux
Quality - Super Linter (Markdown)	Super Linter	2026-01-04T15:33:17.2090154Z spectral: 6.11.1
Quality - Super Linter (Markdown)	Super Linter	2026-01-04T15:33:17.2090394Z clj-kondo: clj-kondo v2024.03.13
Quality - Super Linter (Markdown)	Super Linter	2026-01-04T15:33:17.2090593Z eslint: v8.57.0
Quality - Super Linter (Markdown)	Super Linter	2026-01-04T15:33:17.2090779Z ts-standard: 12.0.2
Quality - Super Linter (Markdown)	Super Linter	2026-01-04T15:33:17.2090999Z eslint: v8.57.0
Quality - Super Linter (Markdown)	Super Linter	2026-01-04T15:33:17.2091184Z protolint: protolint version 0.49.6(b018d2a)
Quality - Super Linter (Markdown)	Super Linter	2026-01-04T15:33:17.2092036Z raku: Welcome to Rakudo™ v2023.11.
Quality - Super Linter (Markdown)	Super Linter	2026-01-04T15:33:17.2092630Z Implementing the Raku® Programming Language v6.d.
Quality - Super Linter (Markdown)	Super Linter	2026-01-04T15:33:17.2092921Z Built on MoarVM version 2023.11.
Quality - Super Linter (Markdown)	Super Linter	2026-01-04T15:33:17.2093121Z prettier: 3.2.5
Quality - Super Linter (Markdown)	Super Linter	2026-01-04T15:33:17.2093316Z hadolint: Haskell Dockerfile Linter 2.12.0
Quality - Super Linter (Markdown)	Super Linter	2026-01-04T15:33:17.2093562Z checkstyle: Checkstyle version: 10.15.0
Quality - Super Linter (Markdown)	Super Linter	2026-01-04T15:33:17.2094078Z clang-format: clang-format version 17.0.5 (https://github.com/llvm/llvm-project.git 98bfdac5ce82d1679f8af9a57501471812ab68d7)
Quality - Super Linter (Markdown)	Super Linter	2026-01-04T15:33:17.2094577Z ktlint: ktlint version 1.2.1
Quality - Super Linter (Markdown)	Super Linter	2026-01-04T15:33:17.2094780Z yamllint: yamllint 1.35.1
Quality - Super Linter (Markdown)	Super Linter	2026-01-04T15:33:17.2095079Z dart: Dart SDK version: 3.3.3 (stable) (Tue Mar 26 14:21:33 2024 +0000) on "linux_x64"
Quality - Super Linter (Markdown)	Super Linter	2026-01-04T15:33:17.2095389Z isort:
Quality - Super Linter (Markdown)	Super Linter	2026-01-04T15:33:17.2095537Z                  _                 _
Quality - Super Linter (Markdown)	Super Linter	2026-01-04T15:33:17.2095752Z                 (_) ___  ___  _ __| |_
Quality - Super Linter (Markdown)	Super Linter	2026-01-04T15:33:17.2095957Z                 | |/ _/ / _ \/ '__  _/
Quality - Super Linter (Markdown)	Super Linter	2026-01-04T15:33:17.2096149Z                 | |\__ \/\_\/| |  | |_
Quality - Super Linter (Markdown)	Super Linter	2026-01-04T15:33:17.2096346Z                 |_|\___/\___/\_/   \_/
Quality - Super Linter (Markdown)	Super Linter	2026-01-04T15:33:17.2096476Z
Quality - Super Linter (Markdown)	Super Linter	2026-01-04T15:33:17.2096579Z       isort your imports, so you don't have to.
Quality - Super Linter (Markdown)	Super Linter	2026-01-04T15:33:17.2096751Z
Quality - Super Linter (Markdown)	Super Linter	2026-01-04T15:33:17.2096822Z                     VERSION 5.13.2
Quality - Super Linter (Markdown)	Super Linter	2026-01-04T15:33:17.2097044Z dotnet: 8.0.204
Quality - Super Linter (Markdown)	Super Linter	2026-01-04T15:33:17.2097204Z eslint: v8.57.0
Quality - Super Linter (Markdown)	Super Linter	2026-01-04T15:33:17.2097375Z rustfmt: rustfmt 1.7.0-stable ( )
Quality - Super Linter (Markdown)	Super Linter	2026-01-04T15:33:17.2097574Z htmlhint: 1.1.4
Quality - Super Linter (Markdown)	Super Linter	2026-01-04T15:33:17.2097743Z rustfmt: rustfmt 1.7.0-stable ( )
Quality - Super Linter (Markdown)	Super Linter	2026-01-04T15:33:17.2097941Z sql-lint: 1.0.0
Quality - Super Linter (Markdown)	Super Linter	2026-01-04T15:33:17.2098109Z goreleaser:   ____       ____      _
Quality - Super Linter (Markdown)	Super Linter	2026-01-04T15:33:17.2098324Z  / ___| ___ |  _ \ ___| | ___  __ _ ___  ___ _ __
Quality - Super Linter (Markdown)	Super Linter	2026-01-04T15:33:17.2098559Z | |  _ / _ \| |_) / _ \ |/ _ \/ _` / __|/ _ \ '__|
Quality - Super Linter (Markdown)	Super Linter	2026-01-04T15:33:17.2098931Z | |_| | (_) |  _ <  __/ |  __/ (_| \__ \  __/ |
Quality - Super Linter (Markdown)	Super Linter	2026-01-04T15:33:17.2099241Z  \____|\___/|_| \_\___|_|\___|\__,_|___/\___|_|
Quality - Super Linter (Markdown)	Super Linter	2026-01-04T15:33:17.2099544Z goreleaser: Deliver Go Binaries as fast and easily as possible
Quality - Super Linter (Markdown)	Super Linter	2026-01-04T15:33:17.2099850Z https://goreleaser.com
Quality - Super Linter (Markdown)	Super Linter	2026-01-04T15:33:17.2099977Z
Quality - Super Linter (Markdown)	Super Linter	2026-01-04T15:33:17.2100043Z GitVersion:    1.25.1
Quality - Super Linter (Markdown)	Super Linter	2026-01-04T15:33:17.2100379Z GitCommit:     6a7a9ba3995728a4bdf7b5fff770d8caeb3d2cc8
Quality - Super Linter (Markdown)	Super Linter	2026-01-04T15:33:17.2100870Z GitTreeState:  false
Quality - Super Linter (Markdown)	Super Linter	2026-01-04T15:33:17.2101204Z BuildDate:     2024-04-04T01:51:35Z
Quality - Super Linter (Markdown)	Super Linter	2026-01-04T15:33:17.2101589Z BuiltBy:       goreleaser
Quality - Super Linter (Markdown)	Super Linter	2026-01-04T15:33:17.2101917Z GoVersion:     go1.22.1
Quality - Super Linter (Markdown)	Super Linter	2026-01-04T15:33:17.2102240Z Compiler:      gc
Quality - Super Linter (Markdown)	Super Linter	2026-01-04T15:33:17.2102854Z ModuleSum:     h1:a9skjeROotTN5GPPJDHDfhmOK4n13cBgJ34sTdXRDN0=
Quality - Super Linter (Markdown)	Super Linter	2026-01-04T15:33:17.2103389Z Platform:      linux/amd64
Quality - Super Linter (Markdown)	Super Linter	2026-01-04T15:33:17.2103586Z checkov: 3.2.65
Quality - Super Linter (Markdown)	Super Linter	2026-01-04T15:33:17.2103804Z lua: Lua 5.3.5  Copyright (C) 1994-2018 Lua.org, PUC-Rio
Quality - Super Linter (Markdown)	Super Linter	2026-01-04T15:33:17.2104398Z standard: 17.1.0
Quality - Super Linter (Markdown)	Super Linter	2026-01-04T15:33:17.2104635Z 2026-01-04 15:33:17 [INFO]   --------------------------------------------
Quality - Super Linter (Markdown)	Super Linter	2026-01-04T15:33:17.2113290Z 2026-01-04 15:33:17 [INFO]   Gathering GitHub information...
Quality - Super Linter (Markdown)	Super Linter	2026-01-04T15:33:17.2143781Z 2026-01-04 15:33:17 [INFO]   Successfully validated GITHUB_WORKSPACE: /github/workspace
Quality - Super Linter (Markdown)	Super Linter	2026-01-04T15:33:17.2330143Z 2026-01-04 15:33:17 [INFO]   Successfully found GITHUB_EVENT_PATH: /github/workflow/event.json]
Quality - Super Linter (Markdown)	Super Linter	2026-01-04T15:33:17.2449420Z 2026-01-04 15:33:17 [INFO]   Successfully found GITHUB_SHA: 26d4cf94b76a1d808460e266474c05ce5b5b3dac
Quality - Super Linter (Markdown)	Super Linter	2026-01-04T15:33:17.2740628Z 2026-01-04 15:33:17 [INFO]   Successfully found GITHUB_ORG: mikeybeezy
Quality - Super Linter (Markdown)	Super Linter	2026-01-04T15:33:17.2820813Z 2026-01-04 15:33:17 [INFO]   Successfully found GITHUB_REPO: goldenpath-idp-infra
Quality - Super Linter (Markdown)	Super Linter	2026-01-04T15:33:17.2934780Z 2026-01-04 15:33:17 [INFO]   The default branch for this repository is set to: main
Quality - Super Linter (Markdown)	Super Linter	2026-01-04T15:33:17.2963384Z 2026-01-04 15:33:17 [INFO]   Successfully found GITHUB_TOKEN.
Quality - Super Linter (Markdown)	Super Linter	2026-01-04T15:33:17.2993249Z 2026-01-04 15:33:17 [INFO]   Successfully found GITHUB_REPOSITORY: mikeybeezy/goldenpath-idp-infra
Quality - Super Linter (Markdown)	Super Linter	2026-01-04T15:33:17.3024746Z 2026-01-04 15:33:17 [INFO]   Successfully found GITHUB_RUN_ID 20695150618
Quality - Super Linter (Markdown)	Super Linter	2026-01-04T15:33:17.3331766Z 2026-01-04 15:33:17 [INFO]   --------------------------------------------
Quality - Super Linter (Markdown)	Super Linter	2026-01-04T15:33:17.3360775Z 2026-01-04 15:33:17 [INFO]   Validating the configuration
Quality - Super Linter (Markdown)	Super Linter	2026-01-04T15:33:18.0153451Z .git
Quality - Super Linter (Markdown)	Super Linter	2026-01-04T15:33:18.0883232Z 2026-01-04 15:33:18 [INFO]   The main branch doesn't exist in /github/workspace
Quality - Super Linter (Markdown)	Super Linter	2026-01-04T15:33:18.0957339Z 2e60175f2215f5883bfd3c5afc7a1154e1b7f73e
Quality - Super Linter (Markdown)	Super Linter	2026-01-04T15:33:18.1019522Z 2026-01-04 15:33:18 [INFO]   main doesn't exist, however origin/main exists. Setting DEFAULT_BRANCH to: origin/main
Quality - Super Linter (Markdown)	Super Linter	2026-01-04T15:33:20.8744858Z 2026-01-04 15:33:20 [INFO]   Building the list of files and directories to check
Quality - Super Linter (Markdown)	Super Linter	2026-01-04T15:33:22.8460332Z 2026-01-04 15:33:22 [INFO]   Successfully gathered list of files...
Quality - Super Linter (Markdown)	Super Linter	2026-01-04T15:33:22.8494420Z ##[endgroup]
Quality - Super Linter (Markdown)	Super Linter	2026-01-04T15:33:25.4912662Z 2026-01-04 15:33:25 [INFO]   Command output when running linters:
Quality - Super Linter (Markdown)	Super Linter	2026-01-04T15:33:25.4913237Z ------
Quality - Super Linter (Markdown)	Super Linter	2026-01-04T15:33:25.4913952Z ##[group]MARKDOWN
Quality - Super Linter (Markdown)	Super Linter	2026-01-04T15:33:25.4914326Z 2026-01-04 15:33:23 [INFO]   Linting MARKDOWN items...
Quality - Super Linter (Markdown)	Super Linter	2026-01-04T15:33:25.4914916Z 2026-01-04 15:33:25 [ERROR]   Found errors when linting MARKDOWN. Exit code: 1.
Quality - Super Linter (Markdown)	Super Linter	2026-01-04T15:33:25.4915428Z 2026-01-04 15:33:25 [INFO]   Stderr contents for MARKDOWN:
Quality - Super Linter (Markdown)	Super Linter	2026-01-04T15:33:25.4915932Z ------
Quality - Super Linter (Markdown)	Super Linter	2026-01-04T15:33:25.4916376Z /github/workspace/README.md:136:401 MD013/line-length Line length [Expected: 400; Actual: 545]
Quality - Super Linter (Markdown)	Super Linter	2026-01-04T15:33:25.4917009Z /github/workspace/README.md:144:401 MD013/line-length Line length [Expected: 400; Actual: 562]
Quality - Super Linter (Markdown)	Super Linter	2026-01-04T15:33:25.4917401Z ------
Quality - Super Linter (Markdown)	Super Linter	2026-01-04T15:33:25.4917745Z ##[endgroup]
Quality - Super Linter (Markdown)	Super Linter	2026-01-04T15:33:25.4917915Z ------
Quality - Super Linter (Markdown)	Super Linter	2026-01-04T15:33:25.5037122Z 2026-01-04 15:33:25 [INFO]   ----------------------------------------------
Quality - Super Linter (Markdown)	Super Linter	2026-01-04T15:33:25.5068611Z 2026-01-04 15:33:25 [INFO]   ----------------------------------------------
Quality - Super Linter (Markdown)	Super Linter	2026-01-04T15:33:25.6252639Z 2026-01-04 15:33:25 [ERROR]   Errors found in MARKDOWN
Quality - Super Linter (Markdown)	Super Linter	2026-01-04T15:33:26.1841803Z 2026-01-04 15:33:26 [ERROR]   Super-linter detected linting errors
Quality - Super Linter (Markdown)	Runbook link	﻿2026-01-04T15:33:26.2792697Z ##[group]Run echo "Runbook: docs/90-doc-system/30_DOCUMENTATION_FRESHNESS.md" >> "${GITHUB_STEP_SUMMARY}"
Quality - Super Linter (Markdown)	Runbook link	2026-01-04T15:33:26.2793430Z [36;1mecho "Runbook: docs/90-doc-system/30_DOCUMENTATION_FRESHNESS.md" >> "${GITHUB_STEP_SUMMARY}"[0m
Quality - Super Linter (Markdown)	Runbook link	2026-01-04T15:33:26.2830174Z shell: /usr/bin/bash -e {0}
Quality - Super Linter (Markdown)	Runbook link	2026-01-04T15:33:26.2830410Z ##[endgroup]
Quality - Super Linter (Markdown)	Post Checkout repo	﻿2026-01-04T15:33:26.2969471Z Post job cleanup.
Quality - Super Linter (Markdown)	Post Checkout repo	2026-01-04T15:33:26.3925385Z [command]/usr/bin/git version
Quality - Super Linter (Markdown)	Post Checkout repo	2026-01-04T15:33:26.3960980Z git version 2.52.0
Quality - Super Linter (Markdown)	Post Checkout repo	2026-01-04T15:33:26.4011420Z Temporarily overriding HOME='/home/runner/work/_temp/19a2b81d-a969-439a-b3b0-139fcd2e81cd' before making global git config changes
Quality - Super Linter (Markdown)	Post Checkout repo	2026-01-04T15:33:26.4012973Z Adding repository directory to the temporary git global config as a safe directory
Quality - Super Linter (Markdown)	Post Checkout repo	2026-01-04T15:33:26.4017899Z [command]/usr/bin/git config --global --add safe.directory /home/runner/work/goldenpath-idp-infra/goldenpath-idp-infra
Quality - Super Linter (Markdown)	Post Checkout repo	2026-01-04T15:33:26.4050801Z [command]/usr/bin/git config --local --name-only --get-regexp core\.sshCommand
Quality - Super Linter (Markdown)	Post Checkout repo	2026-01-04T15:33:26.4082894Z [command]/usr/bin/git submodule foreach --recursive sh -c "git config --local --name-only --get-regexp 'core\.sshCommand' && git config --local --unset-all 'core.sshCommand' || :"
Quality - Super Linter (Markdown)	Post Checkout repo	2026-01-04T15:33:26.4308958Z [command]/usr/bin/git config --local --name-only --get-regexp http\.https\:\/\/github\.com\/\.extraheader
Quality - Super Linter (Markdown)	Post Checkout repo	2026-01-04T15:33:26.4329353Z http.https://github.com/.extraheader
Quality - Super Linter (Markdown)	Post Checkout repo	2026-01-04T15:33:26.4342118Z [command]/usr/bin/git config --local --unset-all http.https://github.com/.extraheader
Quality - Super Linter (Markdown)	Post Checkout repo	2026-01-04T15:33:26.4372090Z [command]/usr/bin/git submodule foreach --recursive sh -c "git config --local --name-only --get-regexp 'http\.https\:\/\/github\.com\/\.extraheader' && git config --local --unset-all 'http.https://github.com/.extraheader' || :"
Quality - Super Linter (Markdown)	Post Checkout repo	2026-01-04T15:33:26.4587345Z [command]/usr/bin/git config --local --name-only --get-regexp ^includeIf\.gitdir:
Quality - Super Linter (Markdown)	Post Checkout repo	2026-01-04T15:33:26.4617797Z [command]/usr/bin/git submodule foreach --recursive git config --local --show-origin --name-only --get-regexp remote.origin.url
Quality - Super Linter (Markdown)	Complete job	﻿2026-01-04T15:33:26.4970476Z Cleaning up orphan processes
